2026-01-21 19:29:30,424 INFO ############ Begin nested CV ############
2026-01-21 19:29:30,424 INFO Inner : 10
2026-01-21 19:29:30,424 INFO Outer : 10
2026-01-21 19:29:30,424 INFO params : [{'C': [1e-05, 5.1794746792312125e-05, 0.0002682695795279727, 0.0013894954943731374, 0.0071968567300115215, 0.037275937203149416, 0.19306977288832497, 1.0, 5.1794746792312125, 26.826957952797272, 138.9495494373139, 719.6856730011528, 3727.593720314938, 19306.977288832535, 100000.0], 'kernel_params': [[{'name': 'propagation', 't_max': 1, 'w': 0.0001, 'M': 'TV'}], [{'name': 'propagation', 't_max': 3, 'w': 0.0001, 'M': 'TV'}], [{'name': 'propagation', 't_max': 5, 'w': 0.0001, 'M': 'TV'}], [{'name': 'propagation', 't_max': 8, 'w': 0.0001, 'M': 'TV'}], [{'name': 'propagation', 't_max': 10, 'w': 0.0001, 'M': 'TV'}], [{'name': 'propagation', 't_max': 15, 'w': 0.0001, 'M': 'TV'}], [{'name': 'propagation', 't_max': 20, 'w': 0.0001, 'M': 'TV'}]], 'normalize': [True]}]
2026-01-21 19:29:30,424 INFO Begin precomputing all Gram matrices
2026-01-21 19:29:30,424 INFO 7 matrices to fit...
2026-01-21 19:40:18,343 INFO ...Done
2026-01-21 19:40:19,248 INFO ############ All params Done for one inner cut ############
2026-01-21 19:40:20,125 INFO ############ All params Done for one inner cut ############
2026-01-21 19:40:20,997 INFO ############ All params Done for one inner cut ############
2026-01-21 19:40:21,871 INFO ############ All params Done for one inner cut ############
2026-01-21 19:40:22,740 INFO ############ All params Done for one inner cut ############
2026-01-21 19:40:23,614 INFO ############ All params Done for one inner cut ############
2026-01-21 19:40:24,482 INFO ############ All params Done for one inner cut ############
2026-01-21 19:40:25,349 INFO ############ All params Done for one inner cut ############
2026-01-21 19:40:26,219 INFO ############ All params Done for one inner cut ############
2026-01-21 19:40:27,090 INFO ############ All params Done for one inner cut ############
2026-01-21 19:40:27,090 INFO ############ One inner CV Done ############
2026-01-21 19:40:27,090 INFO Best params : {'C': 138.9495494373139, 'kernel_params': [{'name': 'propagation', 't_max': 20, 'w': 0.0001, 'M': 'TV'}], 'normalize': True}
2026-01-21 19:40:27,090 INFO Best inner score : 0.7072673267326733
2026-01-21 19:40:27,105 INFO Outer accuracy 0.75
2026-01-21 19:40:27,105 INFO Outer F1 weighted 0.7423323222109875
2026-01-21 19:40:27,105 INFO By-class accuracies:
2026-01-21 19:40:27,105 INFO   Class 1: Accuracy=0.8871
2026-01-21 19:40:27,105 INFO   Class 2: Accuracy=0.5800
2026-01-21 19:40:27,105 INFO ############ One outer Done ############
2026-01-21 19:40:27,982 INFO ############ All params Done for one inner cut ############
2026-01-21 19:40:28,864 INFO ############ All params Done for one inner cut ############
2026-01-21 19:40:29,743 INFO ############ All params Done for one inner cut ############
2026-01-21 19:40:30,620 INFO ############ All params Done for one inner cut ############
2026-01-21 19:40:31,489 INFO ############ All params Done for one inner cut ############
2026-01-21 19:40:32,368 INFO ############ All params Done for one inner cut ############
2026-01-21 19:40:33,242 INFO ############ All params Done for one inner cut ############
2026-01-21 19:40:34,119 INFO ############ All params Done for one inner cut ############
2026-01-21 19:40:35,004 INFO ############ All params Done for one inner cut ############
2026-01-21 19:40:35,879 INFO ############ All params Done for one inner cut ############
2026-01-21 19:40:35,880 INFO ############ One inner CV Done ############
2026-01-21 19:40:35,880 INFO Best params : {'C': 26.826957952797272, 'kernel_params': [{'name': 'propagation', 't_max': 20, 'w': 0.0001, 'M': 'TV'}], 'normalize': True}
2026-01-21 19:40:35,880 INFO Best inner score : 0.7162079207920791
2026-01-21 19:40:35,892 INFO Outer accuracy 0.7321428571428571
2026-01-21 19:40:35,892 INFO Outer F1 weighted 0.7203947368421053
2026-01-21 19:40:35,892 INFO By-class accuracies:
2026-01-21 19:40:35,892 INFO   Class 1: Accuracy=0.8714
2026-01-21 19:40:35,892 INFO   Class 2: Accuracy=0.5000
2026-01-21 19:40:35,892 INFO ############ One outer Done ############
2026-01-21 19:40:36,761 INFO ############ All params Done for one inner cut ############
2026-01-21 19:40:37,633 INFO ############ All params Done for one inner cut ############
2026-01-21 19:40:38,504 INFO ############ All params Done for one inner cut ############
2026-01-21 19:40:39,378 INFO ############ All params Done for one inner cut ############
2026-01-21 19:40:40,254 INFO ############ All params Done for one inner cut ############
2026-01-21 19:40:41,125 INFO ############ All params Done for one inner cut ############
2026-01-21 19:40:41,995 INFO ############ All params Done for one inner cut ############
2026-01-21 19:40:42,869 INFO ############ All params Done for one inner cut ############
2026-01-21 19:40:43,750 INFO ############ All params Done for one inner cut ############
2026-01-21 19:40:44,628 INFO ############ All params Done for one inner cut ############
2026-01-21 19:40:44,628 INFO ############ One inner CV Done ############
2026-01-21 19:40:44,628 INFO Best params : {'C': 5.1794746792312125, 'kernel_params': [{'name': 'propagation', 't_max': 15, 'w': 0.0001, 'M': 'TV'}], 'normalize': True}
2026-01-21 19:40:44,628 INFO Best inner score : 0.7112673267326732
2026-01-21 19:40:44,638 INFO Outer accuracy 0.7232142857142857
2026-01-21 19:40:44,638 INFO Outer F1 weighted 0.7176326619691962
2026-01-21 19:40:44,638 INFO By-class accuracies:
2026-01-21 19:40:44,638 INFO   Class 1: Accuracy=0.8261
2026-01-21 19:40:44,638 INFO   Class 2: Accuracy=0.5581
2026-01-21 19:40:44,638 INFO ############ One outer Done ############
2026-01-21 19:40:45,516 INFO ############ All params Done for one inner cut ############
2026-01-21 19:40:46,392 INFO ############ All params Done for one inner cut ############
2026-01-21 19:40:47,271 INFO ############ All params Done for one inner cut ############
2026-01-21 19:40:48,148 INFO ############ All params Done for one inner cut ############
2026-01-21 19:40:49,027 INFO ############ All params Done for one inner cut ############
2026-01-21 19:40:49,907 INFO ############ All params Done for one inner cut ############
2026-01-21 19:40:50,788 INFO ############ All params Done for one inner cut ############
2026-01-21 19:40:51,670 INFO ############ All params Done for one inner cut ############
2026-01-21 19:40:52,546 INFO ############ All params Done for one inner cut ############
2026-01-21 19:40:53,425 INFO ############ All params Done for one inner cut ############
2026-01-21 19:40:53,425 INFO ############ One inner CV Done ############
2026-01-21 19:40:53,426 INFO Best params : {'C': 138.9495494373139, 'kernel_params': [{'name': 'propagation', 't_max': 20, 'w': 0.0001, 'M': 'TV'}], 'normalize': True}
2026-01-21 19:40:53,426 INFO Best inner score : 0.7112574257425742
2026-01-21 19:40:53,441 INFO Outer accuracy 0.6964285714285714
2026-01-21 19:40:53,441 INFO Outer F1 weighted 0.6839575289575289
2026-01-21 19:40:53,441 INFO By-class accuracies:
2026-01-21 19:40:53,441 INFO   Class 1: Accuracy=0.8406
2026-01-21 19:40:53,441 INFO   Class 2: Accuracy=0.4651
2026-01-21 19:40:53,441 INFO ############ One outer Done ############
2026-01-21 19:40:54,316 INFO ############ All params Done for one inner cut ############
2026-01-21 19:40:55,184 INFO ############ All params Done for one inner cut ############
2026-01-21 19:40:56,059 INFO ############ All params Done for one inner cut ############
2026-01-21 19:40:56,930 INFO ############ All params Done for one inner cut ############
2026-01-21 19:40:57,802 INFO ############ All params Done for one inner cut ############
2026-01-21 19:40:58,675 INFO ############ All params Done for one inner cut ############
2026-01-21 19:40:59,547 INFO ############ All params Done for one inner cut ############
2026-01-21 19:41:00,429 INFO ############ All params Done for one inner cut ############
2026-01-21 19:41:01,302 INFO ############ All params Done for one inner cut ############
2026-01-21 19:41:02,180 INFO ############ All params Done for one inner cut ############
2026-01-21 19:41:02,180 INFO ############ One inner CV Done ############
2026-01-21 19:41:02,181 INFO Best params : {'C': 3727.593720314938, 'kernel_params': [{'name': 'propagation', 't_max': 20, 'w': 0.0001, 'M': 'TV'}], 'normalize': True}
2026-01-21 19:41:02,181 INFO Best inner score : 0.7113465346534654
2026-01-21 19:41:02,196 INFO Outer accuracy 0.6785714285714286
2026-01-21 19:41:02,196 INFO Outer F1 weighted 0.6727078891257996
2026-01-21 19:41:02,196 INFO By-class accuracies:
2026-01-21 19:41:02,196 INFO   Class 1: Accuracy=0.7903
2026-01-21 19:41:02,196 INFO   Class 2: Accuracy=0.5400
2026-01-21 19:41:02,196 INFO ############ One outer Done ############
2026-01-21 19:41:03,057 INFO ############ All params Done for one inner cut ############
2026-01-21 19:41:03,928 INFO ############ All params Done for one inner cut ############
2026-01-21 19:41:04,797 INFO ############ All params Done for one inner cut ############
2026-01-21 19:41:05,659 INFO ############ All params Done for one inner cut ############
2026-01-21 19:41:06,528 INFO ############ All params Done for one inner cut ############
2026-01-21 19:41:07,398 INFO ############ All params Done for one inner cut ############
2026-01-21 19:41:08,267 INFO ############ All params Done for one inner cut ############
2026-01-21 19:41:09,136 INFO ############ All params Done for one inner cut ############
2026-01-21 19:41:10,006 INFO ############ All params Done for one inner cut ############
2026-01-21 19:41:10,872 INFO ############ All params Done for one inner cut ############
2026-01-21 19:41:10,872 INFO ############ One inner CV Done ############
2026-01-21 19:41:10,873 INFO Best params : {'C': 719.6856730011528, 'kernel_params': [{'name': 'propagation', 't_max': 20, 'w': 0.0001, 'M': 'TV'}], 'normalize': True}
2026-01-21 19:41:10,873 INFO Best inner score : 0.7133069306930693
2026-01-21 19:41:10,888 INFO Outer accuracy 0.6964285714285714
2026-01-21 19:41:10,888 INFO Outer F1 weighted 0.6847693558219874
2026-01-21 19:41:10,888 INFO By-class accuracies:
2026-01-21 19:41:10,888 INFO   Class 1: Accuracy=0.8382
2026-01-21 19:41:10,888 INFO   Class 2: Accuracy=0.4773
2026-01-21 19:41:10,888 INFO ############ One outer Done ############
2026-01-21 19:41:11,755 INFO ############ All params Done for one inner cut ############
2026-01-21 19:41:12,625 INFO ############ All params Done for one inner cut ############
2026-01-21 19:41:13,494 INFO ############ All params Done for one inner cut ############
2026-01-21 19:41:14,373 INFO ############ All params Done for one inner cut ############
2026-01-21 19:41:15,255 INFO ############ All params Done for one inner cut ############
2026-01-21 19:41:16,139 INFO ############ All params Done for one inner cut ############
2026-01-21 19:41:17,016 INFO ############ All params Done for one inner cut ############
2026-01-21 19:41:17,891 INFO ############ All params Done for one inner cut ############
2026-01-21 19:41:18,768 INFO ############ All params Done for one inner cut ############
2026-01-21 19:41:19,643 INFO ############ All params Done for one inner cut ############
2026-01-21 19:41:19,643 INFO ############ One inner CV Done ############
2026-01-21 19:41:19,644 INFO Best params : {'C': 138.9495494373139, 'kernel_params': [{'name': 'propagation', 't_max': 20, 'w': 0.0001, 'M': 'TV'}], 'normalize': True}
2026-01-21 19:41:19,644 INFO Best inner score : 0.7133069306930693
2026-01-21 19:41:19,659 INFO Outer accuracy 0.7053571428571429
2026-01-21 19:41:19,659 INFO Outer F1 weighted 0.7015757201254873
2026-01-21 19:41:19,659 INFO By-class accuracies:
2026-01-21 19:41:19,659 INFO   Class 1: Accuracy=0.8052
2026-01-21 19:41:19,659 INFO   Class 2: Accuracy=0.4857
2026-01-21 19:41:19,659 INFO ############ One outer Done ############
2026-01-21 19:41:20,535 INFO ############ All params Done for one inner cut ############
2026-01-21 19:41:21,405 INFO ############ All params Done for one inner cut ############
2026-01-21 19:41:22,284 INFO ############ All params Done for one inner cut ############
2026-01-21 19:41:23,164 INFO ############ All params Done for one inner cut ############
2026-01-21 19:41:24,051 INFO ############ All params Done for one inner cut ############
2026-01-21 19:41:24,926 INFO ############ All params Done for one inner cut ############
2026-01-21 19:41:25,807 INFO ############ All params Done for one inner cut ############
2026-01-21 19:41:26,686 INFO ############ All params Done for one inner cut ############
2026-01-21 19:41:27,563 INFO ############ All params Done for one inner cut ############
2026-01-21 19:41:28,438 INFO ############ All params Done for one inner cut ############
2026-01-21 19:41:28,438 INFO ############ One inner CV Done ############
2026-01-21 19:41:28,438 INFO Best params : {'C': 138.9495494373139, 'kernel_params': [{'name': 'propagation', 't_max': 20, 'w': 0.0001, 'M': 'TV'}], 'normalize': True}
2026-01-21 19:41:28,439 INFO Best inner score : 0.7242277227722773
2026-01-21 19:41:28,453 INFO Outer accuracy 0.6428571428571429
2026-01-21 19:41:28,453 INFO Outer F1 weighted 0.6144108778517381
2026-01-21 19:41:28,453 INFO By-class accuracies:
2026-01-21 19:41:28,453 INFO   Class 1: Accuracy=0.8356
2026-01-21 19:41:28,453 INFO   Class 2: Accuracy=0.2821
2026-01-21 19:41:28,453 INFO ############ One outer Done ############
2026-01-21 19:41:29,342 INFO ############ All params Done for one inner cut ############
2026-01-21 19:41:30,239 INFO ############ All params Done for one inner cut ############
2026-01-21 19:41:31,129 INFO ############ All params Done for one inner cut ############
2026-01-21 19:41:32,016 INFO ############ All params Done for one inner cut ############
2026-01-21 19:41:32,909 INFO ############ All params Done for one inner cut ############
2026-01-21 19:41:33,793 INFO ############ All params Done for one inner cut ############
2026-01-21 19:41:34,688 INFO ############ All params Done for one inner cut ############
2026-01-21 19:41:35,579 INFO ############ All params Done for one inner cut ############
2026-01-21 19:41:36,476 INFO ############ All params Done for one inner cut ############
2026-01-21 19:41:37,366 INFO ############ All params Done for one inner cut ############
2026-01-21 19:41:37,366 INFO ############ One inner CV Done ############
2026-01-21 19:41:37,367 INFO Best params : {'C': 5.1794746792312125, 'kernel_params': [{'name': 'propagation', 't_max': 15, 'w': 0.0001, 'M': 'TV'}], 'normalize': True}
2026-01-21 19:41:37,367 INFO Best inner score : 0.7153465346534654
2026-01-21 19:41:37,376 INFO Outer accuracy 0.7232142857142857
2026-01-21 19:41:37,376 INFO Outer F1 weighted 0.714400733531188
2026-01-21 19:41:37,376 INFO By-class accuracies:
2026-01-21 19:41:37,376 INFO   Class 1: Accuracy=0.8451
2026-01-21 19:41:37,376 INFO   Class 2: Accuracy=0.5122
2026-01-21 19:41:37,376 INFO ############ One outer Done ############
2026-01-21 19:41:38,254 INFO ############ All params Done for one inner cut ############
2026-01-21 19:41:39,132 INFO ############ All params Done for one inner cut ############
2026-01-21 19:41:40,010 INFO ############ All params Done for one inner cut ############
2026-01-21 19:41:40,891 INFO ############ All params Done for one inner cut ############
2026-01-21 19:41:41,761 INFO ############ All params Done for one inner cut ############
2026-01-21 19:41:42,644 INFO ############ All params Done for one inner cut ############
2026-01-21 19:41:43,524 INFO ############ All params Done for one inner cut ############
2026-01-21 19:41:44,392 INFO ############ All params Done for one inner cut ############
2026-01-21 19:41:45,274 INFO ############ All params Done for one inner cut ############
2026-01-21 19:41:46,147 INFO ############ All params Done for one inner cut ############
2026-01-21 19:41:46,147 INFO ############ One inner CV Done ############
2026-01-21 19:41:46,147 INFO Best params : {'C': 26.826957952797272, 'kernel_params': [{'name': 'propagation', 't_max': 20, 'w': 0.0001, 'M': 'TV'}], 'normalize': True}
2026-01-21 19:41:46,147 INFO Best inner score : 0.7102772277227722
2026-01-21 19:41:46,159 INFO Outer accuracy 0.6964285714285714
2026-01-21 19:41:46,159 INFO Outer F1 weighted 0.6692237350132088
2026-01-21 19:41:46,159 INFO By-class accuracies:
2026-01-21 19:41:46,159 INFO   Class 1: Accuracy=0.9500
2026-01-21 19:41:46,159 INFO   Class 2: Accuracy=0.4038
2026-01-21 19:41:46,159 INFO ############ One outer Done ############
2026-01-21 19:41:46,159 INFO Nested mean score 0.7044642857142857
2026-01-21 19:41:46,159 INFO Nested std score 0.028641098093473982
