2026-01-21 19:41:46,162 INFO ############ Begin nested CV ############
2026-01-21 19:41:46,162 INFO Inner : 10
2026-01-21 19:41:46,162 INFO Outer : 10
2026-01-21 19:41:46,162 INFO params : [{'alpha': [0.0, 1e-06, 1.778279410038923e-05, 0.00031622776601683794, 0.005623413251903491, 0.1, 0.25000049999999996, 0.49999999999999994, 0.7499995, 0.9, 0.9943765867480965, 0.9996837722339832, 0.9999822172058996, 0.999999, 1.0], 'C': [0.0001, 0.0003727593720314938, 0.0013894954943731374, 0.005179474679231213, 0.019306977288832496, 0.07196856730011514, 0.2682695795279725, 1.0, 3.727593720314938, 13.89495494373136, 51.79474679231202, 193.06977288832496, 719.6856730011514, 2682.695795279722, 10000.0], 'gamma': [0.0009765625, 0.002628711313735071, 0.007075966127061773, 0.019047088346944928, 0.05127095975047737, 0.1380111892092266, 0.37149857228423705, 1.0, 2.6918003852647128, 7.2457893141112555, 19.504218467271617, 52.501462784488865, 141.32345775024794, 380.4145380190592, 1024.0], 'features_metric': ['sqeuclidean'], 'method': ['shortest_path'], 'wl': [0], 'amijo': [False]}]
2026-01-21 19:41:46,165 INFO Begin precomputing all distances matrices
2026-01-21 19:41:46,165 INFO 15 matrices to fit...
2026-01-22 01:17:12,592 INFO ...Done
2026-01-22 01:17:58,434 INFO ############ All params Done for one inner cut ############
2026-01-22 01:18:44,724 INFO ############ All params Done for one inner cut ############
2026-01-22 01:19:30,349 INFO ############ All params Done for one inner cut ############
2026-01-22 01:20:16,087 INFO ############ All params Done for one inner cut ############
2026-01-22 01:21:02,050 INFO ############ All params Done for one inner cut ############
2026-01-22 01:21:47,964 INFO ############ All params Done for one inner cut ############
2026-01-22 01:22:33,841 INFO ############ All params Done for one inner cut ############
2026-01-22 01:23:19,610 INFO ############ All params Done for one inner cut ############
2026-01-22 01:24:05,408 INFO ############ All params Done for one inner cut ############
2026-01-22 01:24:51,261 INFO ############ All params Done for one inner cut ############
2026-01-22 01:24:51,261 INFO ############ One inner CV Done ############
2026-01-22 01:24:51,271 INFO Best params : {'C': 51.79474679231202, 'alpha': 0.9943765867480965, 'amijo': False, 'features_metric': 'sqeuclidean', 'gamma': 0.002628711313735071, 'method': 'shortest_path', 'wl': 0}
2026-01-22 01:24:51,271 INFO Best inner score : 0.7502376237623762
2026-01-22 01:24:51,292 INFO Outer accuracy 0.7142857142857143
2026-01-22 01:24:51,292 INFO Outer F1 weighted 0.7142857142857143
2026-01-22 01:24:51,292 INFO By-class accuracies:
2026-01-22 01:24:51,292 INFO   Class 1: Accuracy=0.7419
2026-01-22 01:24:51,292 INFO   Class 2: Accuracy=0.6800
2026-01-22 01:24:51,292 INFO ############ One outer Done ############
2026-01-22 01:25:36,058 INFO ############ All params Done for one inner cut ############
2026-01-22 01:26:21,130 INFO ############ All params Done for one inner cut ############
2026-01-22 01:27:05,911 INFO ############ All params Done for one inner cut ############
2026-01-22 01:27:50,306 INFO ############ All params Done for one inner cut ############
2026-01-22 01:28:34,448 INFO ############ All params Done for one inner cut ############
2026-01-22 01:29:18,415 INFO ############ All params Done for one inner cut ############
2026-01-22 01:30:02,809 INFO ############ All params Done for one inner cut ############
2026-01-22 01:30:46,751 INFO ############ All params Done for one inner cut ############
2026-01-22 01:31:31,168 INFO ############ All params Done for one inner cut ############
2026-01-22 01:32:15,365 INFO ############ All params Done for one inner cut ############
2026-01-22 01:32:15,365 INFO ############ One inner CV Done ############
2026-01-22 01:32:15,375 INFO Best params : {'C': 3.727593720314938, 'alpha': 0.9, 'amijo': False, 'features_metric': 'sqeuclidean', 'gamma': 0.002628711313735071, 'method': 'shortest_path', 'wl': 0}
2026-01-22 01:32:15,375 INFO Best inner score : 0.7532079207920793
2026-01-22 01:32:15,395 INFO Outer accuracy 0.7142857142857143
2026-01-22 01:32:15,395 INFO Outer F1 weighted 0.7017543859649124
2026-01-22 01:32:15,395 INFO By-class accuracies:
2026-01-22 01:32:15,395 INFO   Class 1: Accuracy=0.8571
2026-01-22 01:32:15,395 INFO   Class 2: Accuracy=0.4762
2026-01-22 01:32:15,395 INFO ############ One outer Done ############
2026-01-22 01:32:59,452 INFO ############ All params Done for one inner cut ############
2026-01-22 01:33:43,533 INFO ############ All params Done for one inner cut ############
2026-01-22 01:34:27,843 INFO ############ All params Done for one inner cut ############
2026-01-22 01:35:12,136 INFO ############ All params Done for one inner cut ############
2026-01-22 01:35:55,973 INFO ############ All params Done for one inner cut ############
2026-01-22 01:36:39,752 INFO ############ All params Done for one inner cut ############
2026-01-22 01:37:23,616 INFO ############ All params Done for one inner cut ############
2026-01-22 01:38:07,686 INFO ############ All params Done for one inner cut ############
2026-01-22 01:38:50,975 INFO ############ All params Done for one inner cut ############
2026-01-22 01:39:34,332 INFO ############ All params Done for one inner cut ############
2026-01-22 01:39:34,332 INFO ############ One inner CV Done ############
2026-01-22 01:39:34,342 INFO Best params : {'C': 1.0, 'alpha': 0.9996837722339832, 'amijo': False, 'features_metric': 'sqeuclidean', 'gamma': 0.1380111892092266, 'method': 'shortest_path', 'wl': 0}
2026-01-22 01:39:34,343 INFO Best inner score : 0.7551980198019803
2026-01-22 01:39:34,358 INFO Outer accuracy 0.75
2026-01-22 01:39:34,358 INFO Outer F1 weighted 0.7397297297297297
2026-01-22 01:39:34,358 INFO By-class accuracies:
2026-01-22 01:39:34,358 INFO   Class 1: Accuracy=0.8841
2026-01-22 01:39:34,358 INFO   Class 2: Accuracy=0.5349
2026-01-22 01:39:34,358 INFO ############ One outer Done ############
2026-01-22 01:40:18,358 INFO ############ All params Done for one inner cut ############
2026-01-22 01:41:02,531 INFO ############ All params Done for one inner cut ############
2026-01-22 01:41:46,392 INFO ############ All params Done for one inner cut ############
2026-01-22 01:42:30,275 INFO ############ All params Done for one inner cut ############
2026-01-22 01:43:13,862 INFO ############ All params Done for one inner cut ############
2026-01-22 01:43:57,555 INFO ############ All params Done for one inner cut ############
2026-01-22 01:44:41,254 INFO ############ All params Done for one inner cut ############
2026-01-22 01:45:25,047 INFO ############ All params Done for one inner cut ############
2026-01-22 01:46:08,375 INFO ############ All params Done for one inner cut ############
2026-01-22 01:46:52,138 INFO ############ All params Done for one inner cut ############
2026-01-22 01:46:52,138 INFO ############ One inner CV Done ############
2026-01-22 01:46:52,148 INFO Best params : {'C': 1.0, 'alpha': 0.9996837722339832, 'amijo': False, 'features_metric': 'sqeuclidean', 'gamma': 0.37149857228423705, 'method': 'shortest_path', 'wl': 0}
2026-01-22 01:46:52,148 INFO Best inner score : 0.7581881188118812
2026-01-22 01:46:52,164 INFO Outer accuracy 0.7142857142857143
2026-01-22 01:46:52,164 INFO Outer F1 weighted 0.7051412314570209
2026-01-22 01:46:52,164 INFO By-class accuracies:
2026-01-22 01:46:52,164 INFO   Class 1: Accuracy=0.8406
2026-01-22 01:46:52,164 INFO   Class 2: Accuracy=0.5116
2026-01-22 01:46:52,164 INFO ############ One outer Done ############
2026-01-22 01:47:37,443 INFO ############ All params Done for one inner cut ############
2026-01-22 01:48:23,005 INFO ############ All params Done for one inner cut ############
2026-01-22 01:49:08,875 INFO ############ All params Done for one inner cut ############
2026-01-22 01:49:54,218 INFO ############ All params Done for one inner cut ############
2026-01-22 01:50:39,672 INFO ############ All params Done for one inner cut ############
2026-01-22 01:51:25,485 INFO ############ All params Done for one inner cut ############
2026-01-22 01:52:11,634 INFO ############ All params Done for one inner cut ############
2026-01-22 01:52:57,401 INFO ############ All params Done for one inner cut ############
2026-01-22 01:53:43,329 INFO ############ All params Done for one inner cut ############
2026-01-22 01:54:28,922 INFO ############ All params Done for one inner cut ############
2026-01-22 01:54:28,922 INFO ############ One inner CV Done ############
2026-01-22 01:54:28,932 INFO Best params : {'C': 1.0, 'alpha': 0.9996837722339832, 'amijo': False, 'features_metric': 'sqeuclidean', 'gamma': 0.1380111892092266, 'method': 'shortest_path', 'wl': 0}
2026-01-22 01:54:28,932 INFO Best inner score : 0.7623564356435645
2026-01-22 01:54:28,948 INFO Outer accuracy 0.7142857142857143
2026-01-22 01:54:28,948 INFO Outer F1 weighted 0.7074102368220014
2026-01-22 01:54:28,948 INFO By-class accuracies:
2026-01-22 01:54:28,948 INFO   Class 1: Accuracy=0.8387
2026-01-22 01:54:28,948 INFO   Class 2: Accuracy=0.5600
2026-01-22 01:54:28,948 INFO ############ One outer Done ############
2026-01-22 01:55:13,750 INFO ############ All params Done for one inner cut ############
2026-01-22 01:55:57,851 INFO ############ All params Done for one inner cut ############
2026-01-22 01:56:41,519 INFO ############ All params Done for one inner cut ############
2026-01-22 01:57:25,152 INFO ############ All params Done for one inner cut ############
2026-01-22 01:58:08,598 INFO ############ All params Done for one inner cut ############
2026-01-22 01:58:53,329 INFO ############ All params Done for one inner cut ############
2026-01-22 01:59:38,200 INFO ############ All params Done for one inner cut ############
2026-01-22 02:00:22,909 INFO ############ All params Done for one inner cut ############
2026-01-22 02:01:07,656 INFO ############ All params Done for one inner cut ############
2026-01-22 02:01:52,387 INFO ############ All params Done for one inner cut ############
2026-01-22 02:01:52,387 INFO ############ One inner CV Done ############
2026-01-22 02:01:52,397 INFO Best params : {'C': 1.0, 'alpha': 0.9943765867480965, 'amijo': False, 'features_metric': 'sqeuclidean', 'gamma': 0.002628711313735071, 'method': 'shortest_path', 'wl': 0}
2026-01-22 02:01:52,397 INFO Best inner score : 0.7582376237623762
2026-01-22 02:01:52,411 INFO Outer accuracy 0.7589285714285714
2026-01-22 02:01:52,411 INFO Outer F1 weighted 0.7559416999304206
2026-01-22 02:01:52,411 INFO By-class accuracies:
2026-01-22 02:01:52,411 INFO   Class 1: Accuracy=0.8382
2026-01-22 02:01:52,411 INFO   Class 2: Accuracy=0.6364
2026-01-22 02:01:52,411 INFO ############ One outer Done ############
2026-01-22 02:02:37,557 INFO ############ All params Done for one inner cut ############
2026-01-22 02:03:22,814 INFO ############ All params Done for one inner cut ############
2026-01-22 02:04:08,696 INFO ############ All params Done for one inner cut ############
2026-01-22 02:04:54,140 INFO ############ All params Done for one inner cut ############
2026-01-22 02:05:40,040 INFO ############ All params Done for one inner cut ############
2026-01-22 02:06:25,758 INFO ############ All params Done for one inner cut ############
2026-01-22 02:07:10,794 INFO ############ All params Done for one inner cut ############
2026-01-22 02:07:55,431 INFO ############ All params Done for one inner cut ############
2026-01-22 02:08:40,725 INFO ############ All params Done for one inner cut ############
2026-01-22 02:09:25,501 INFO ############ All params Done for one inner cut ############
2026-01-22 02:09:25,501 INFO ############ One inner CV Done ############
2026-01-22 02:09:25,511 INFO Best params : {'C': 3.727593720314938, 'alpha': 0.9943765867480965, 'amijo': False, 'features_metric': 'sqeuclidean', 'gamma': 0.0009765625, 'method': 'shortest_path', 'wl': 0}
2026-01-22 02:09:25,511 INFO Best inner score : 0.7462871287128713
2026-01-22 02:09:25,526 INFO Outer accuracy 0.8035714285714286
2026-01-22 02:09:25,526 INFO Outer F1 weighted 0.8035714285714286
2026-01-22 02:09:25,526 INFO By-class accuracies:
2026-01-22 02:09:25,526 INFO   Class 1: Accuracy=0.8571
2026-01-22 02:09:25,526 INFO   Class 2: Accuracy=0.6857
2026-01-22 02:09:25,526 INFO ############ One outer Done ############
2026-01-22 02:10:10,214 INFO ############ All params Done for one inner cut ############
2026-01-22 02:10:56,148 INFO ############ All params Done for one inner cut ############
2026-01-22 02:11:41,626 INFO ############ All params Done for one inner cut ############
2026-01-22 02:12:27,138 INFO ############ All params Done for one inner cut ############
2026-01-22 02:13:12,775 INFO ############ All params Done for one inner cut ############
2026-01-22 02:13:58,746 INFO ############ All params Done for one inner cut ############
2026-01-22 02:14:44,487 INFO ############ All params Done for one inner cut ############
2026-01-22 02:15:29,890 INFO ############ All params Done for one inner cut ############
2026-01-22 02:16:15,562 INFO ############ All params Done for one inner cut ############
2026-01-22 02:17:01,457 INFO ############ All params Done for one inner cut ############
2026-01-22 02:17:01,457 INFO ############ One inner CV Done ############
2026-01-22 02:17:01,467 INFO Best params : {'C': 3.727593720314938, 'alpha': 0.9943765867480965, 'amijo': False, 'features_metric': 'sqeuclidean', 'gamma': 0.002628711313735071, 'method': 'shortest_path', 'wl': 0}
2026-01-22 02:17:01,467 INFO Best inner score : 0.7612376237623761
2026-01-22 02:17:01,482 INFO Outer accuracy 0.7232142857142857
2026-01-22 02:17:01,482 INFO Outer F1 weighted 0.7159016188635079
2026-01-22 02:17:01,482 INFO By-class accuracies:
2026-01-22 02:17:01,482 INFO   Class 1: Accuracy=0.8356
2026-01-22 02:17:01,482 INFO   Class 2: Accuracy=0.5128
2026-01-22 02:17:01,482 INFO ############ One outer Done ############
2026-01-22 02:17:46,403 INFO ############ All params Done for one inner cut ############
2026-01-22 02:18:31,435 INFO ############ All params Done for one inner cut ############
2026-01-22 02:19:15,798 INFO ############ All params Done for one inner cut ############
2026-01-22 02:20:00,556 INFO ############ All params Done for one inner cut ############
2026-01-22 02:20:44,999 INFO ############ All params Done for one inner cut ############
2026-01-22 02:21:29,855 INFO ############ All params Done for one inner cut ############
2026-01-22 02:22:14,452 INFO ############ All params Done for one inner cut ############
2026-01-22 02:22:59,077 INFO ############ All params Done for one inner cut ############
2026-01-22 02:23:43,534 INFO ############ All params Done for one inner cut ############
2026-01-22 02:24:27,989 INFO ############ All params Done for one inner cut ############
2026-01-22 02:24:27,989 INFO ############ One inner CV Done ############
2026-01-22 02:24:27,999 INFO Best params : {'C': 1.0, 'alpha': 0.9996837722339832, 'amijo': False, 'features_metric': 'sqeuclidean', 'gamma': 0.1380111892092266, 'method': 'shortest_path', 'wl': 0}
2026-01-22 02:24:27,999 INFO Best inner score : 0.7602673267326733
2026-01-22 02:24:28,015 INFO Outer accuracy 0.7232142857142857
2026-01-22 02:24:28,015 INFO Outer F1 weighted 0.7189349765880378
2026-01-22 02:24:28,015 INFO By-class accuracies:
2026-01-22 02:24:28,015 INFO   Class 1: Accuracy=0.8169
2026-01-22 02:24:28,015 INFO   Class 2: Accuracy=0.5610
2026-01-22 02:24:28,015 INFO ############ One outer Done ############
2026-01-22 02:25:13,255 INFO ############ All params Done for one inner cut ############
2026-01-22 02:25:58,544 INFO ############ All params Done for one inner cut ############
2026-01-22 02:26:44,178 INFO ############ All params Done for one inner cut ############
2026-01-22 02:27:30,144 INFO ############ All params Done for one inner cut ############
2026-01-22 02:28:15,861 INFO ############ All params Done for one inner cut ############
2026-01-22 02:29:01,548 INFO ############ All params Done for one inner cut ############
2026-01-22 02:29:47,157 INFO ############ All params Done for one inner cut ############
2026-01-22 02:30:32,909 INFO ############ All params Done for one inner cut ############
2026-01-22 02:31:17,727 INFO ############ All params Done for one inner cut ############
2026-01-22 02:32:02,242 INFO ############ All params Done for one inner cut ############
2026-01-22 02:32:02,242 INFO ############ One inner CV Done ############
2026-01-22 02:32:02,252 INFO Best params : {'C': 3.727593720314938, 'alpha': 0.9996837722339832, 'amijo': False, 'features_metric': 'sqeuclidean', 'gamma': 0.1380111892092266, 'method': 'shortest_path', 'wl': 0}
2026-01-22 02:32:02,252 INFO Best inner score : 0.7572277227722772
2026-01-22 02:32:02,269 INFO Outer accuracy 0.7053571428571429
2026-01-22 02:32:02,269 INFO Outer F1 weighted 0.6900245358333029
2026-01-22 02:32:02,269 INFO By-class accuracies:
2026-01-22 02:32:02,269 INFO   Class 1: Accuracy=0.9000
2026-01-22 02:32:02,269 INFO   Class 2: Accuracy=0.4808
2026-01-22 02:32:02,269 INFO ############ One outer Done ############
2026-01-22 02:32:02,269 INFO Nested mean score 0.7321428571428572
2026-01-22 02:32:02,269 INFO Nested std score 0.028793777672494816
