2025-11-18 21:30:55,632 INFO ############ Begin nested CV ############
2025-11-18 21:30:55,632 INFO Inner : 10
2025-11-18 21:30:55,632 INFO Outer : 10
2025-11-18 21:30:55,632 INFO params : [{'alpha': [0.0, 1e-06, 1.778279410038923e-05, 0.00031622776601683794, 0.005623413251903491, 0.1, 0.25000049999999996, 0.49999999999999994, 0.7499995, 0.9, 0.9943765867480965, 0.9996837722339832, 0.9999822172058996, 0.999999, 1.0], 'C': [0.0001, 0.0003727593720314938, 0.0013894954943731374, 0.005179474679231213, 0.019306977288832496, 0.07196856730011514, 0.2682695795279725, 1.0, 3.727593720314938, 13.89495494373136, 51.79474679231202, 193.06977288832496, 719.6856730011514, 2682.695795279722, 10000.0], 'gamma': [0.0009765625, 0.002628711313735071, 0.007075966127061773, 0.019047088346944928, 0.05127095975047737, 0.1380111892092266, 0.37149857228423705, 1.0, 2.6918003852647128, 7.2457893141112555, 19.504218467271617, 52.501462784488865, 141.32345775024794, 380.4145380190592, 1024.0], 'features_metric': ['sqeuclidean'], 'method': ['shortest_path'], 'wl': [0], 'amijo': [True]}]
2025-11-18 21:30:55,635 INFO Begin precomputing all distances matrices
2025-11-18 21:30:55,635 INFO 15 matrices to fit...
2025-11-18 21:56:13,121 INFO ...Done
2025-11-18 21:56:19,297 INFO ############ All params Done for one inner cut ############
2025-11-18 21:56:25,364 INFO ############ All params Done for one inner cut ############
2025-11-18 21:56:31,473 INFO ############ All params Done for one inner cut ############
2025-11-18 21:56:37,363 INFO ############ All params Done for one inner cut ############
2025-11-18 21:56:43,354 INFO ############ All params Done for one inner cut ############
2025-11-18 21:56:49,269 INFO ############ All params Done for one inner cut ############
2025-11-18 21:56:55,284 INFO ############ All params Done for one inner cut ############
2025-11-18 21:57:01,230 INFO ############ All params Done for one inner cut ############
2025-11-18 21:57:07,086 INFO ############ All params Done for one inner cut ############
2025-11-18 21:57:13,119 INFO ############ All params Done for one inner cut ############
2025-11-18 21:57:13,119 INFO ############ One inner CV Done ############
2025-11-18 21:57:13,129 INFO Best params : {'C': 3.727593720314938, 'alpha': 0.9, 'amijo': True, 'features_metric': 'sqeuclidean', 'gamma': 1.0, 'method': 'shortest_path', 'wl': 0}
2025-11-18 21:57:13,129 INFO Best inner score : 0.8760510510510511
2025-11-18 21:57:13,133 INFO Outer accuracy 0.8292682926829268
2025-11-18 21:57:13,133 INFO Outer F1 weighted 0.8095937041316636
2025-11-18 21:57:13,133 INFO By-class accuracies:
2025-11-18 21:57:13,133 INFO   Class -1: Accuracy=0.9412
2025-11-18 21:57:13,133 INFO   Class 1: Accuracy=0.2857
2025-11-18 21:57:13,133 INFO ############ One outer Done ############
2025-11-18 21:57:19,154 INFO ############ All params Done for one inner cut ############
2025-11-18 21:57:25,159 INFO ############ All params Done for one inner cut ############
2025-11-18 21:57:30,914 INFO ############ All params Done for one inner cut ############
2025-11-18 21:57:36,632 INFO ############ All params Done for one inner cut ############
2025-11-18 21:57:42,427 INFO ############ All params Done for one inner cut ############
2025-11-18 21:57:48,619 INFO ############ All params Done for one inner cut ############
2025-11-18 21:57:54,470 INFO ############ All params Done for one inner cut ############
2025-11-18 21:58:00,627 INFO ############ All params Done for one inner cut ############
2025-11-18 21:58:06,716 INFO ############ All params Done for one inner cut ############
2025-11-18 21:58:12,713 INFO ############ All params Done for one inner cut ############
2025-11-18 21:58:12,713 INFO ############ One inner CV Done ############
2025-11-18 21:58:12,722 INFO Best params : {'C': 3.727593720314938, 'alpha': 0.9, 'amijo': True, 'features_metric': 'sqeuclidean', 'gamma': 1.0, 'method': 'shortest_path', 'wl': 0}
2025-11-18 21:58:12,723 INFO Best inner score : 0.8767267267267267
2025-11-18 21:58:12,726 INFO Outer accuracy 0.7560975609756098
2025-11-18 21:58:12,726 INFO Outer F1 weighted 0.7330007390983001
2025-11-18 21:58:12,726 INFO By-class accuracies:
2025-11-18 21:58:12,726 INFO   Class -1: Accuracy=0.9032
2025-11-18 21:58:12,726 INFO   Class 1: Accuracy=0.3000
2025-11-18 21:58:12,726 INFO ############ One outer Done ############
2025-11-18 21:58:18,827 INFO ############ All params Done for one inner cut ############
2025-11-18 21:58:24,787 INFO ############ All params Done for one inner cut ############
2025-11-18 21:58:30,772 INFO ############ All params Done for one inner cut ############
2025-11-18 21:58:36,725 INFO ############ All params Done for one inner cut ############
2025-11-18 21:58:42,711 INFO ############ All params Done for one inner cut ############
2025-11-18 21:58:48,595 INFO ############ All params Done for one inner cut ############
2025-11-18 21:58:54,573 INFO ############ All params Done for one inner cut ############
2025-11-18 21:59:00,634 INFO ############ All params Done for one inner cut ############
2025-11-18 21:59:06,649 INFO ############ All params Done for one inner cut ############
2025-11-18 21:59:12,685 INFO ############ All params Done for one inner cut ############
2025-11-18 21:59:12,685 INFO ############ One inner CV Done ############
2025-11-18 21:59:12,695 INFO Best params : {'C': 3.727593720314938, 'alpha': 0.7499995, 'amijo': True, 'features_metric': 'sqeuclidean', 'gamma': 1.0, 'method': 'shortest_path', 'wl': 0}
2025-11-18 21:59:12,695 INFO Best inner score : 0.870945945945946
2025-11-18 21:59:12,698 INFO Outer accuracy 0.8780487804878049
2025-11-18 21:59:12,698 INFO Outer F1 weighted 0.8713246530961549
2025-11-18 21:59:12,698 INFO By-class accuracies:
2025-11-18 21:59:12,698 INFO   Class -1: Accuracy=0.9667
2025-11-18 21:59:12,698 INFO   Class 1: Accuracy=0.6364
2025-11-18 21:59:12,698 INFO ############ One outer Done ############
2025-11-18 21:59:18,615 INFO ############ All params Done for one inner cut ############
2025-11-18 21:59:24,413 INFO ############ All params Done for one inner cut ############
2025-11-18 21:59:30,290 INFO ############ All params Done for one inner cut ############
2025-11-18 21:59:36,115 INFO ############ All params Done for one inner cut ############
2025-11-18 21:59:41,928 INFO ############ All params Done for one inner cut ############
2025-11-18 21:59:47,710 INFO ############ All params Done for one inner cut ############
2025-11-18 21:59:53,501 INFO ############ All params Done for one inner cut ############
2025-11-18 21:59:59,531 INFO ############ All params Done for one inner cut ############
2025-11-18 22:00:05,769 INFO ############ All params Done for one inner cut ############
2025-11-18 22:00:11,575 INFO ############ All params Done for one inner cut ############
2025-11-18 22:00:11,575 INFO ############ One inner CV Done ############
2025-11-18 22:00:11,585 INFO Best params : {'C': 13.89495494373136, 'alpha': 0.25000049999999996, 'amijo': True, 'features_metric': 'sqeuclidean', 'gamma': 0.37149857228423705, 'method': 'shortest_path', 'wl': 0}
2025-11-18 22:00:11,585 INFO Best inner score : 0.8711711711711713
2025-11-18 22:00:11,588 INFO Outer accuracy 0.9024390243902439
2025-11-18 22:00:11,588 INFO Outer F1 weighted 0.910840108401084
2025-11-18 22:00:11,588 INFO By-class accuracies:
2025-11-18 22:00:11,588 INFO   Class -1: Accuracy=0.9189
2025-11-18 22:00:11,588 INFO   Class 1: Accuracy=0.7500
2025-11-18 22:00:11,588 INFO ############ One outer Done ############
2025-11-18 22:00:17,395 INFO ############ All params Done for one inner cut ############
2025-11-18 22:00:23,240 INFO ############ All params Done for one inner cut ############
2025-11-18 22:00:29,389 INFO ############ All params Done for one inner cut ############
2025-11-18 22:00:35,433 INFO ############ All params Done for one inner cut ############
2025-11-18 22:00:41,532 INFO ############ All params Done for one inner cut ############
2025-11-18 22:00:47,516 INFO ############ All params Done for one inner cut ############
2025-11-18 22:00:53,344 INFO ############ All params Done for one inner cut ############
2025-11-18 22:00:59,169 INFO ############ All params Done for one inner cut ############
2025-11-18 22:01:04,993 INFO ############ All params Done for one inner cut ############
2025-11-18 22:01:10,962 INFO ############ All params Done for one inner cut ############
2025-11-18 22:01:10,962 INFO ############ One inner CV Done ############
2025-11-18 22:01:10,971 INFO Best params : {'C': 3.727593720314938, 'alpha': 0.7499995, 'amijo': True, 'features_metric': 'sqeuclidean', 'gamma': 1.0, 'method': 'shortest_path', 'wl': 0}
2025-11-18 22:01:10,971 INFO Best inner score : 0.8655405405405405
2025-11-18 22:01:10,975 INFO Outer accuracy 0.9512195121951219
2025-11-18 22:01:10,975 INFO Outer F1 weighted 0.9437312794180573
2025-11-18 22:01:10,975 INFO By-class accuracies:
2025-11-18 22:01:10,975 INFO   Class -1: Accuracy=1.0000
2025-11-18 22:01:10,975 INFO   Class 1: Accuracy=0.5000
2025-11-18 22:01:10,975 INFO ############ One outer Done ############
2025-11-18 22:01:16,847 INFO ############ All params Done for one inner cut ############
2025-11-18 22:01:22,581 INFO ############ All params Done for one inner cut ############
2025-11-18 22:01:28,313 INFO ############ All params Done for one inner cut ############
2025-11-18 22:01:34,023 INFO ############ All params Done for one inner cut ############
2025-11-18 22:01:39,722 INFO ############ All params Done for one inner cut ############
2025-11-18 22:01:45,469 INFO ############ All params Done for one inner cut ############
2025-11-18 22:01:51,223 INFO ############ All params Done for one inner cut ############
2025-11-18 22:01:56,916 INFO ############ All params Done for one inner cut ############
2025-11-18 22:02:02,963 INFO ############ All params Done for one inner cut ############
2025-11-18 22:02:08,679 INFO ############ All params Done for one inner cut ############
2025-11-18 22:02:08,679 INFO ############ One inner CV Done ############
2025-11-18 22:02:08,689 INFO Best params : {'C': 3.727593720314938, 'alpha': 0.7499995, 'amijo': True, 'features_metric': 'sqeuclidean', 'gamma': 1.0, 'method': 'shortest_path', 'wl': 0}
2025-11-18 22:02:08,689 INFO Best inner score : 0.8762762762762761
2025-11-18 22:02:08,692 INFO Outer accuracy 0.8048780487804879
2025-11-18 22:02:08,692 INFO Outer F1 weighted 0.7827423652387784
2025-11-18 22:02:08,692 INFO By-class accuracies:
2025-11-18 22:02:08,692 INFO   Class -1: Accuracy=0.9375
2025-11-18 22:02:08,692 INFO   Class 1: Accuracy=0.3333
2025-11-18 22:02:08,692 INFO ############ One outer Done ############
2025-11-18 22:02:14,476 INFO ############ All params Done for one inner cut ############
2025-11-18 22:02:20,261 INFO ############ All params Done for one inner cut ############
2025-11-18 22:02:26,027 INFO ############ All params Done for one inner cut ############
2025-11-18 22:02:32,101 INFO ############ All params Done for one inner cut ############
2025-11-18 22:02:37,869 INFO ############ All params Done for one inner cut ############
2025-11-18 22:02:43,585 INFO ############ All params Done for one inner cut ############
2025-11-18 22:02:49,325 INFO ############ All params Done for one inner cut ############
2025-11-18 22:02:55,065 INFO ############ All params Done for one inner cut ############
2025-11-18 22:03:00,829 INFO ############ All params Done for one inner cut ############
2025-11-18 22:03:06,567 INFO ############ All params Done for one inner cut ############
2025-11-18 22:03:06,567 INFO ############ One inner CV Done ############
2025-11-18 22:03:06,576 INFO Best params : {'C': 13.89495494373136, 'alpha': 0.25000049999999996, 'amijo': True, 'features_metric': 'sqeuclidean', 'gamma': 0.1380111892092266, 'method': 'shortest_path', 'wl': 0}
2025-11-18 22:03:06,576 INFO Best inner score : 0.8625375375375377
2025-11-18 22:03:06,580 INFO Outer accuracy 0.8536585365853658
2025-11-18 22:03:06,580 INFO Outer F1 weighted 0.846729490022173
2025-11-18 22:03:06,580 INFO By-class accuracies:
2025-11-18 22:03:06,580 INFO   Class -1: Accuracy=0.9375
2025-11-18 22:03:06,580 INFO   Class 1: Accuracy=0.5556
2025-11-18 22:03:06,580 INFO ############ One outer Done ############
2025-11-18 22:03:12,333 INFO ############ All params Done for one inner cut ############
2025-11-18 22:03:18,057 INFO ############ All params Done for one inner cut ############
2025-11-18 22:03:23,779 INFO ############ All params Done for one inner cut ############
2025-11-18 22:03:29,530 INFO ############ All params Done for one inner cut ############
2025-11-18 22:03:35,232 INFO ############ All params Done for one inner cut ############
2025-11-18 22:03:40,950 INFO ############ All params Done for one inner cut ############
2025-11-18 22:03:46,652 INFO ############ All params Done for one inner cut ############
2025-11-18 22:03:52,409 INFO ############ All params Done for one inner cut ############
2025-11-18 22:03:58,150 INFO ############ All params Done for one inner cut ############
2025-11-18 22:04:03,871 INFO ############ All params Done for one inner cut ############
2025-11-18 22:04:03,871 INFO ############ One inner CV Done ############
2025-11-18 22:04:03,881 INFO Best params : {'C': 719.6856730011514, 'alpha': 0.1, 'amijo': True, 'features_metric': 'sqeuclidean', 'gamma': 0.37149857228423705, 'method': 'shortest_path', 'wl': 0}
2025-11-18 22:04:03,881 INFO Best inner score : 0.8766516516516516
2025-11-18 22:04:03,884 INFO Outer accuracy 0.8292682926829268
2025-11-18 22:04:03,884 INFO Outer F1 weighted 0.819854514334617
2025-11-18 22:04:03,884 INFO By-class accuracies:
2025-11-18 22:04:03,884 INFO   Class -1: Accuracy=0.9333
2025-11-18 22:04:03,884 INFO   Class 1: Accuracy=0.5455
2025-11-18 22:04:03,884 INFO ############ One outer Done ############
2025-11-18 22:04:09,639 INFO ############ All params Done for one inner cut ############
2025-11-18 22:04:15,398 INFO ############ All params Done for one inner cut ############
2025-11-18 22:04:21,182 INFO ############ All params Done for one inner cut ############
2025-11-18 22:04:26,945 INFO ############ All params Done for one inner cut ############
2025-11-18 22:04:32,688 INFO ############ All params Done for one inner cut ############
2025-11-18 22:04:38,414 INFO ############ All params Done for one inner cut ############
2025-11-18 22:04:44,152 INFO ############ All params Done for one inner cut ############
2025-11-18 22:04:49,895 INFO ############ All params Done for one inner cut ############
2025-11-18 22:04:55,650 INFO ############ All params Done for one inner cut ############
2025-11-18 22:05:01,745 INFO ############ All params Done for one inner cut ############
2025-11-18 22:05:01,745 INFO ############ One inner CV Done ############
2025-11-18 22:05:01,755 INFO Best params : {'C': 3.727593720314938, 'alpha': 0.0, 'amijo': True, 'features_metric': 'sqeuclidean', 'gamma': 1.0, 'method': 'shortest_path', 'wl': 0}
2025-11-18 22:05:01,755 INFO Best inner score : 0.8738738738738739
2025-11-18 22:05:01,758 INFO Outer accuracy 0.8536585365853658
2025-11-18 22:05:01,758 INFO Outer F1 weighted 0.8536585365853658
2025-11-18 22:05:01,758 INFO By-class accuracies:
2025-11-18 22:05:01,758 INFO   Class -1: Accuracy=0.9118
2025-11-18 22:05:01,758 INFO   Class 1: Accuracy=0.5714
2025-11-18 22:05:01,758 INFO ############ One outer Done ############
2025-11-18 22:05:07,524 INFO ############ All params Done for one inner cut ############
2025-11-18 22:05:13,254 INFO ############ All params Done for one inner cut ############
2025-11-18 22:05:18,968 INFO ############ All params Done for one inner cut ############
2025-11-18 22:05:24,699 INFO ############ All params Done for one inner cut ############
2025-11-18 22:05:30,485 INFO ############ All params Done for one inner cut ############
2025-11-18 22:05:36,214 INFO ############ All params Done for one inner cut ############
2025-11-18 22:05:41,917 INFO ############ All params Done for one inner cut ############
2025-11-18 22:05:47,655 INFO ############ All params Done for one inner cut ############
2025-11-18 22:05:53,389 INFO ############ All params Done for one inner cut ############
2025-11-18 22:05:59,223 INFO ############ All params Done for one inner cut ############
2025-11-18 22:05:59,223 INFO ############ One inner CV Done ############
2025-11-18 22:05:59,233 INFO Best params : {'C': 3.727593720314938, 'alpha': 0.1, 'amijo': True, 'features_metric': 'sqeuclidean', 'gamma': 0.37149857228423705, 'method': 'shortest_path', 'wl': 0}
2025-11-18 22:05:59,233 INFO Best inner score : 0.8546546546546547
2025-11-18 22:05:59,236 INFO Outer accuracy 0.8292682926829268
2025-11-18 22:05:59,236 INFO Outer F1 weighted 0.81072729279329
2025-11-18 22:05:59,236 INFO By-class accuracies:
2025-11-18 22:05:59,236 INFO   Class -1: Accuracy=0.9667
2025-11-18 22:05:59,236 INFO   Class 1: Accuracy=0.4545
2025-11-18 22:05:59,236 INFO ############ One outer Done ############
2025-11-18 22:05:59,236 INFO Nested mean score 0.8487804878048781
2025-11-18 22:05:59,236 INFO Nested std score 0.05092832443371
