2025-11-18 21:19:43,114 INFO ############ Begin nested CV ############
2025-11-18 21:19:43,114 INFO Inner : 10
2025-11-18 21:19:43,114 INFO Outer : 10
2025-11-18 21:19:43,114 INFO params : [{'C': [1e-05, 5.1794746792312125e-05, 0.0002682695795279727, 0.0013894954943731374, 0.0071968567300115215, 0.037275937203149416, 0.19306977288832497, 1.0, 5.1794746792312125, 26.826957952797272, 138.9495494373139, 719.6856730011528, 3727.593720314938, 19306.977288832535, 100000.0], 'kernel_params': [[{'name': 'graph_hopper', 'kernel_type': 'linear'}]], 'normalize': [True]}]
2025-11-18 21:19:43,114 INFO Begin precomputing all Gram matrices
2025-11-18 21:19:43,114 INFO 1 matrices to fit...
2025-11-18 21:20:09,742 INFO ...Done
2025-11-18 21:20:17,155 INFO ############ All params Done for one inner cut ############
2025-11-18 21:20:19,083 INFO ############ All params Done for one inner cut ############
2025-11-18 21:20:22,061 INFO ############ All params Done for one inner cut ############
2025-11-18 21:20:26,027 INFO ############ All params Done for one inner cut ############
2025-11-18 21:20:32,458 INFO ############ All params Done for one inner cut ############
2025-11-18 21:20:37,876 INFO ############ All params Done for one inner cut ############
2025-11-18 21:20:41,239 INFO ############ All params Done for one inner cut ############
2025-11-18 21:20:44,249 INFO ############ All params Done for one inner cut ############
2025-11-18 21:20:50,867 INFO ############ All params Done for one inner cut ############
2025-11-18 21:20:54,585 INFO ############ All params Done for one inner cut ############
2025-11-18 21:20:54,586 INFO ############ One inner CV Done ############
2025-11-18 21:20:54,586 INFO Best params : {'C': 719.6856730011528, 'kernel_params': [{'name': 'graph_hopper', 'kernel_type': 'linear'}], 'normalize': True}
2025-11-18 21:20:54,586 INFO Best inner score : 0.8372372372372373
2025-11-18 21:20:54,632 INFO Outer accuracy 0.8048780487804879
2025-11-18 21:20:54,632 INFO Outer F1 weighted 0.7712737127371273
2025-11-18 21:20:54,632 INFO By-class accuracies:
2025-11-18 21:20:54,632 INFO   Class -1: Accuracy=0.9412
2025-11-18 21:20:54,632 INFO   Class 1: Accuracy=0.1429
2025-11-18 21:20:54,632 INFO ############ One outer Done ############
2025-11-18 21:21:01,448 INFO ############ All params Done for one inner cut ############
2025-11-18 21:21:05,452 INFO ############ All params Done for one inner cut ############
2025-11-18 21:21:13,823 INFO ############ All params Done for one inner cut ############
2025-11-18 21:21:18,749 INFO ############ All params Done for one inner cut ############
2025-11-18 21:21:25,511 INFO ############ All params Done for one inner cut ############
2025-11-18 21:21:30,778 INFO ############ All params Done for one inner cut ############
2025-11-18 21:21:35,690 INFO ############ All params Done for one inner cut ############
2025-11-18 21:21:40,630 INFO ############ All params Done for one inner cut ############
2025-11-18 21:21:51,970 INFO ############ All params Done for one inner cut ############
2025-11-18 21:21:54,028 INFO ############ All params Done for one inner cut ############
2025-11-18 21:21:54,028 INFO ############ One inner CV Done ############
2025-11-18 21:21:54,028 INFO Best params : {'C': 719.6856730011528, 'kernel_params': [{'name': 'graph_hopper', 'kernel_type': 'linear'}], 'normalize': True}
2025-11-18 21:21:54,028 INFO Best inner score : 0.8192942942942943
2025-11-18 21:21:54,084 INFO Outer accuracy 0.7317073170731707
2025-11-18 21:21:54,084 INFO Outer F1 weighted 0.7142258028915132
2025-11-18 21:21:54,084 INFO By-class accuracies:
2025-11-18 21:21:54,084 INFO   Class -1: Accuracy=0.8710
2025-11-18 21:21:54,084 INFO   Class 1: Accuracy=0.3000
2025-11-18 21:21:54,084 INFO ############ One outer Done ############
2025-11-18 21:22:01,297 INFO ############ All params Done for one inner cut ############
2025-11-18 21:22:05,920 INFO ############ All params Done for one inner cut ############
2025-11-18 21:22:12,075 INFO ############ All params Done for one inner cut ############
2025-11-18 21:22:16,096 INFO ############ All params Done for one inner cut ############
2025-11-18 21:22:22,571 INFO ############ All params Done for one inner cut ############
2025-11-18 21:22:29,913 INFO ############ All params Done for one inner cut ############
2025-11-18 21:22:34,992 INFO ############ All params Done for one inner cut ############
2025-11-18 21:22:40,509 INFO ############ All params Done for one inner cut ############
2025-11-18 21:22:50,989 INFO ############ All params Done for one inner cut ############
2025-11-18 21:23:02,081 INFO ############ All params Done for one inner cut ############
2025-11-18 21:23:02,081 INFO ############ One inner CV Done ############
2025-11-18 21:23:02,082 INFO Best params : {'C': 138.9495494373139, 'kernel_params': [{'name': 'graph_hopper', 'kernel_type': 'linear'}], 'normalize': True}
2025-11-18 21:23:02,082 INFO Best inner score : 0.8186186186186186
2025-11-18 21:23:02,093 INFO Outer accuracy 0.8780487804878049
2025-11-18 21:23:02,093 INFO Outer F1 weighted 0.8761447801831648
2025-11-18 21:23:02,093 INFO By-class accuracies:
2025-11-18 21:23:02,093 INFO   Class -1: Accuracy=0.9333
2025-11-18 21:23:02,093 INFO   Class 1: Accuracy=0.7273
2025-11-18 21:23:02,093 INFO ############ One outer Done ############
2025-11-18 21:23:10,940 INFO ############ All params Done for one inner cut ############
2025-11-18 21:23:20,585 INFO ############ All params Done for one inner cut ############
2025-11-18 21:23:25,846 INFO ############ All params Done for one inner cut ############
2025-11-18 21:23:31,722 INFO ############ All params Done for one inner cut ############
2025-11-18 21:23:42,480 INFO ############ All params Done for one inner cut ############
2025-11-18 21:23:47,226 INFO ############ All params Done for one inner cut ############
2025-11-18 21:23:52,201 INFO ############ All params Done for one inner cut ############
2025-11-18 21:23:58,642 INFO ############ All params Done for one inner cut ############
2025-11-18 21:24:04,006 INFO ############ All params Done for one inner cut ############
2025-11-18 21:24:07,805 INFO ############ All params Done for one inner cut ############
2025-11-18 21:24:07,806 INFO ############ One inner CV Done ############
2025-11-18 21:24:07,806 INFO Best params : {'C': 138.9495494373139, 'kernel_params': [{'name': 'graph_hopper', 'kernel_type': 'linear'}], 'normalize': True}
2025-11-18 21:24:07,806 INFO Best inner score : 0.8271021021021022
2025-11-18 21:24:07,815 INFO Outer accuracy 0.926829268292683
2025-11-18 21:24:07,815 INFO Outer F1 weighted 0.9303931395478338
2025-11-18 21:24:07,815 INFO By-class accuracies:
2025-11-18 21:24:07,815 INFO   Class -1: Accuracy=0.9459
2025-11-18 21:24:07,815 INFO   Class 1: Accuracy=0.7500
2025-11-18 21:24:07,815 INFO ############ One outer Done ############
2025-11-18 21:24:16,720 INFO ############ All params Done for one inner cut ############
2025-11-18 21:24:22,203 INFO ############ All params Done for one inner cut ############
2025-11-18 21:24:29,018 INFO ############ All params Done for one inner cut ############
2025-11-18 21:24:35,918 INFO ############ All params Done for one inner cut ############
2025-11-18 21:24:42,005 INFO ############ All params Done for one inner cut ############
2025-11-18 21:24:52,485 INFO ############ All params Done for one inner cut ############
2025-11-18 21:24:59,910 INFO ############ All params Done for one inner cut ############
2025-11-18 21:25:03,463 INFO ############ All params Done for one inner cut ############
2025-11-18 21:25:08,702 INFO ############ All params Done for one inner cut ############
2025-11-18 21:25:13,174 INFO ############ All params Done for one inner cut ############
2025-11-18 21:25:13,174 INFO ############ One inner CV Done ############
2025-11-18 21:25:13,174 INFO Best params : {'C': 719.6856730011528, 'kernel_params': [{'name': 'graph_hopper', 'kernel_type': 'linear'}], 'normalize': True}
2025-11-18 21:25:13,174 INFO Best inner score : 0.8108108108108109
2025-11-18 21:25:13,268 INFO Outer accuracy 0.926829268292683
2025-11-18 21:25:13,268 INFO Outer F1 weighted 0.9063034526449161
2025-11-18 21:25:13,268 INFO By-class accuracies:
2025-11-18 21:25:13,268 INFO   Class -1: Accuracy=1.0000
2025-11-18 21:25:13,268 INFO   Class 1: Accuracy=0.2500
2025-11-18 21:25:13,268 INFO ############ One outer Done ############
2025-11-18 21:25:20,885 INFO ############ All params Done for one inner cut ############
2025-11-18 21:25:27,973 INFO ############ All params Done for one inner cut ############
2025-11-18 21:25:31,202 INFO ############ All params Done for one inner cut ############
2025-11-18 21:25:36,210 INFO ############ All params Done for one inner cut ############
2025-11-18 21:25:40,947 INFO ############ All params Done for one inner cut ############
2025-11-18 21:25:46,434 INFO ############ All params Done for one inner cut ############
2025-11-18 21:25:58,700 INFO ############ All params Done for one inner cut ############
2025-11-18 21:26:06,881 INFO ############ All params Done for one inner cut ############
2025-11-18 21:26:09,030 INFO ############ All params Done for one inner cut ############
2025-11-18 21:26:12,369 INFO ############ All params Done for one inner cut ############
2025-11-18 21:26:12,369 INFO ############ One inner CV Done ############
2025-11-18 21:26:12,369 INFO Best params : {'C': 138.9495494373139, 'kernel_params': [{'name': 'graph_hopper', 'kernel_type': 'linear'}], 'normalize': True}
2025-11-18 21:26:12,369 INFO Best inner score : 0.8187687687687688
2025-11-18 21:26:12,382 INFO Outer accuracy 0.7560975609756098
2025-11-18 21:26:12,382 INFO Outer F1 weighted 0.7560975609756098
2025-11-18 21:26:12,382 INFO By-class accuracies:
2025-11-18 21:26:12,382 INFO   Class -1: Accuracy=0.8438
2025-11-18 21:26:12,382 INFO   Class 1: Accuracy=0.4444
2025-11-18 21:26:12,382 INFO ############ One outer Done ############
2025-11-18 21:26:18,137 INFO ############ All params Done for one inner cut ############
2025-11-18 21:26:24,538 INFO ############ All params Done for one inner cut ############
2025-11-18 21:26:31,573 INFO ############ All params Done for one inner cut ############
2025-11-18 21:26:36,860 INFO ############ All params Done for one inner cut ############
2025-11-18 21:26:45,349 INFO ############ All params Done for one inner cut ############
2025-11-18 21:26:50,212 INFO ############ All params Done for one inner cut ############
2025-11-18 21:26:56,442 INFO ############ All params Done for one inner cut ############
2025-11-18 21:27:02,060 INFO ############ All params Done for one inner cut ############
2025-11-18 21:27:09,061 INFO ############ All params Done for one inner cut ############
2025-11-18 21:27:14,781 INFO ############ All params Done for one inner cut ############
2025-11-18 21:27:14,781 INFO ############ One inner CV Done ############
2025-11-18 21:27:14,781 INFO Best params : {'C': 138.9495494373139, 'kernel_params': [{'name': 'graph_hopper', 'kernel_type': 'linear'}], 'normalize': True}
2025-11-18 21:27:14,781 INFO Best inner score : 0.8048048048048049
2025-11-18 21:27:14,791 INFO Outer accuracy 0.7804878048780488
2025-11-18 21:27:14,791 INFO Outer F1 weighted 0.7462272616037198
2025-11-18 21:27:14,791 INFO By-class accuracies:
2025-11-18 21:27:14,791 INFO   Class -1: Accuracy=0.9375
2025-11-18 21:27:14,792 INFO   Class 1: Accuracy=0.2222
2025-11-18 21:27:14,792 INFO ############ One outer Done ############
2025-11-18 21:27:22,462 INFO ############ All params Done for one inner cut ############
2025-11-18 21:27:28,546 INFO ############ All params Done for one inner cut ############
2025-11-18 21:27:32,333 INFO ############ All params Done for one inner cut ############
2025-11-18 21:27:35,027 INFO ############ All params Done for one inner cut ############
2025-11-18 21:27:41,349 INFO ############ All params Done for one inner cut ############
2025-11-18 21:27:44,923 INFO ############ All params Done for one inner cut ############
2025-11-18 21:27:50,283 INFO ############ All params Done for one inner cut ############
2025-11-18 21:27:56,434 INFO ############ All params Done for one inner cut ############
2025-11-18 21:28:05,620 INFO ############ All params Done for one inner cut ############
2025-11-18 21:28:13,388 INFO ############ All params Done for one inner cut ############
2025-11-18 21:28:13,388 INFO ############ One inner CV Done ############
2025-11-18 21:28:13,388 INFO Best params : {'C': 138.9495494373139, 'kernel_params': [{'name': 'graph_hopper', 'kernel_type': 'linear'}], 'normalize': True}
2025-11-18 21:28:13,388 INFO Best inner score : 0.8161411411411411
2025-11-18 21:28:13,396 INFO Outer accuracy 0.7804878048780488
2025-11-18 21:28:13,397 INFO Outer F1 weighted 0.7683843755730789
2025-11-18 21:28:13,397 INFO By-class accuracies:
2025-11-18 21:28:13,397 INFO   Class -1: Accuracy=0.9000
2025-11-18 21:28:13,397 INFO   Class 1: Accuracy=0.4545
2025-11-18 21:28:13,397 INFO ############ One outer Done ############
2025-11-18 21:28:19,894 INFO ############ All params Done for one inner cut ############
2025-11-18 21:28:29,534 INFO ############ All params Done for one inner cut ############
2025-11-18 21:28:34,551 INFO ############ All params Done for one inner cut ############
2025-11-18 21:28:40,661 INFO ############ All params Done for one inner cut ############
2025-11-18 21:28:45,832 INFO ############ All params Done for one inner cut ############
2025-11-18 21:28:51,549 INFO ############ All params Done for one inner cut ############
2025-11-18 21:28:58,399 INFO ############ All params Done for one inner cut ############
2025-11-18 21:29:04,444 INFO ############ All params Done for one inner cut ############
2025-11-18 21:29:10,678 INFO ############ All params Done for one inner cut ############
2025-11-18 21:29:13,703 INFO ############ All params Done for one inner cut ############
2025-11-18 21:29:13,703 INFO ############ One inner CV Done ############
2025-11-18 21:29:13,703 INFO Best params : {'C': 138.9495494373139, 'kernel_params': [{'name': 'graph_hopper', 'kernel_type': 'linear'}], 'normalize': True}
2025-11-18 21:29:13,703 INFO Best inner score : 0.8243993993993992
2025-11-18 21:29:13,724 INFO Outer accuracy 0.8536585365853658
2025-11-18 21:29:13,724 INFO Outer F1 weighted 0.8536585365853658
2025-11-18 21:29:13,724 INFO By-class accuracies:
2025-11-18 21:29:13,724 INFO   Class -1: Accuracy=0.9118
2025-11-18 21:29:13,724 INFO   Class 1: Accuracy=0.5714
2025-11-18 21:29:13,724 INFO ############ One outer Done ############
2025-11-18 21:29:16,608 INFO ############ All params Done for one inner cut ############
2025-11-18 21:29:19,122 INFO ############ All params Done for one inner cut ############
2025-11-18 21:29:24,268 INFO ############ All params Done for one inner cut ############
2025-11-18 21:29:30,274 INFO ############ All params Done for one inner cut ############
2025-11-18 21:29:36,857 INFO ############ All params Done for one inner cut ############
2025-11-18 21:29:43,196 INFO ############ All params Done for one inner cut ############
2025-11-18 21:29:46,563 INFO ############ All params Done for one inner cut ############
2025-11-18 21:29:49,682 INFO ############ All params Done for one inner cut ############
2025-11-18 21:29:54,909 INFO ############ All params Done for one inner cut ############
2025-11-18 21:29:59,872 INFO ############ All params Done for one inner cut ############
2025-11-18 21:29:59,872 INFO ############ One inner CV Done ############
2025-11-18 21:29:59,872 INFO Best params : {'C': 138.9495494373139, 'kernel_params': [{'name': 'graph_hopper', 'kernel_type': 'linear'}], 'normalize': True}
2025-11-18 21:29:59,872 INFO Best inner score : 0.8022522522522524
2025-11-18 21:29:59,884 INFO Outer accuracy 0.8048780487804879
2025-11-18 21:29:59,884 INFO Outer F1 weighted 0.760606681697069
2025-11-18 21:29:59,884 INFO By-class accuracies:
2025-11-18 21:29:59,884 INFO   Class -1: Accuracy=1.0000
2025-11-18 21:29:59,884 INFO   Class 1: Accuracy=0.2727
2025-11-18 21:29:59,884 INFO ############ One outer Done ############
2025-11-18 21:29:59,884 INFO Nested mean score 0.8243902439024391
2025-11-18 21:29:59,884 INFO Nested std score 0.06526384468419343
