2026-01-21 18:59:05,540 INFO ############ Begin nested CV ############
2026-01-21 18:59:05,540 INFO Inner : 10
2026-01-21 18:59:05,540 INFO Outer : 10
2026-01-21 18:59:05,540 INFO params : [{'C': [1e-05, 5.1794746792312125e-05, 0.0002682695795279727, 0.0013894954943731374, 0.0071968567300115215, 0.037275937203149416, 0.19306977288832497, 1.0, 5.1794746792312125, 26.826957952797272, 138.9495494373139, 719.6856730011528, 3727.593720314938, 19306.977288832535, 100000.0], 'kernel_params': [[{'name': 'graph_hopper', 'kernel_type': 'linear'}]], 'normalize': [True]}]
2026-01-21 18:59:05,540 INFO Begin precomputing all Gram matrices
2026-01-21 18:59:05,540 INFO 1 matrices to fit...
2026-01-21 19:10:39,810 INFO ...Done
2026-01-21 19:10:52,881 INFO ############ All params Done for one inner cut ############
2026-01-21 19:11:00,418 INFO ############ All params Done for one inner cut ############
2026-01-21 19:11:11,326 INFO ############ All params Done for one inner cut ############
2026-01-21 19:11:23,221 INFO ############ All params Done for one inner cut ############
2026-01-21 19:11:32,556 INFO ############ All params Done for one inner cut ############
2026-01-21 19:11:43,947 INFO ############ All params Done for one inner cut ############
2026-01-21 19:11:53,982 INFO ############ All params Done for one inner cut ############
2026-01-21 19:12:04,602 INFO ############ All params Done for one inner cut ############
2026-01-21 19:12:15,476 INFO ############ All params Done for one inner cut ############
2026-01-21 19:12:27,629 INFO ############ All params Done for one inner cut ############
2026-01-21 19:12:27,629 INFO ############ One inner CV Done ############
2026-01-21 19:12:27,630 INFO Best params : {'C': 3727.593720314938, 'kernel_params': [{'name': 'graph_hopper', 'kernel_type': 'linear'}], 'normalize': True}
2026-01-21 19:12:27,630 INFO Best inner score : 0.7572277227722772
2026-01-21 19:12:27,935 INFO Outer accuracy 0.7767857142857143
2026-01-21 19:12:27,935 INFO Outer F1 weighted 0.774348917109321
2026-01-21 19:12:27,935 INFO By-class accuracies:
2026-01-21 19:12:27,935 INFO   Class 1: Accuracy=0.8548
2026-01-21 19:12:27,935 INFO   Class 2: Accuracy=0.6800
2026-01-21 19:12:27,935 INFO ############ One outer Done ############
2026-01-21 19:12:37,452 INFO ############ All params Done for one inner cut ############
2026-01-21 19:12:52,819 INFO ############ All params Done for one inner cut ############
2026-01-21 19:13:01,040 INFO ############ All params Done for one inner cut ############
2026-01-21 19:13:11,093 INFO ############ All params Done for one inner cut ############
2026-01-21 19:13:29,047 INFO ############ All params Done for one inner cut ############
2026-01-21 19:13:39,967 INFO ############ All params Done for one inner cut ############
2026-01-21 19:13:50,277 INFO ############ All params Done for one inner cut ############
2026-01-21 19:14:05,106 INFO ############ All params Done for one inner cut ############
2026-01-21 19:14:14,225 INFO ############ All params Done for one inner cut ############
2026-01-21 19:14:24,347 INFO ############ All params Done for one inner cut ############
2026-01-21 19:14:24,348 INFO ############ One inner CV Done ############
2026-01-21 19:14:24,348 INFO Best params : {'C': 3727.593720314938, 'kernel_params': [{'name': 'graph_hopper', 'kernel_type': 'linear'}], 'normalize': True}
2026-01-21 19:14:24,348 INFO Best inner score : 0.7552475247524753
2026-01-21 19:14:24,645 INFO Outer accuracy 0.6964285714285714
2026-01-21 19:14:24,645 INFO Outer F1 weighted 0.6930555555555555
2026-01-21 19:14:24,645 INFO By-class accuracies:
2026-01-21 19:14:24,645 INFO   Class 1: Accuracy=0.7857
2026-01-21 19:14:24,645 INFO   Class 2: Accuracy=0.5476
2026-01-21 19:14:24,645 INFO ############ One outer Done ############
2026-01-21 19:14:35,207 INFO ############ All params Done for one inner cut ############
2026-01-21 19:14:46,789 INFO ############ All params Done for one inner cut ############
2026-01-21 19:14:58,940 INFO ############ All params Done for one inner cut ############
2026-01-21 19:15:10,091 INFO ############ All params Done for one inner cut ############
2026-01-21 19:15:20,318 INFO ############ All params Done for one inner cut ############
2026-01-21 19:15:31,757 INFO ############ All params Done for one inner cut ############
2026-01-21 19:15:44,280 INFO ############ All params Done for one inner cut ############
2026-01-21 19:15:58,123 INFO ############ All params Done for one inner cut ############
2026-01-21 19:16:08,635 INFO ############ All params Done for one inner cut ############
2026-01-21 19:16:20,936 INFO ############ All params Done for one inner cut ############
2026-01-21 19:16:20,936 INFO ############ One inner CV Done ############
2026-01-21 19:16:20,937 INFO Best params : {'C': 719.6856730011528, 'kernel_params': [{'name': 'graph_hopper', 'kernel_type': 'linear'}], 'normalize': True}
2026-01-21 19:16:20,937 INFO Best inner score : 0.7522277227722771
2026-01-21 19:16:21,002 INFO Outer accuracy 0.7589285714285714
2026-01-21 19:16:21,002 INFO Outer F1 weighted 0.7540671571989773
2026-01-21 19:16:21,002 INFO By-class accuracies:
2026-01-21 19:16:21,002 INFO   Class 1: Accuracy=0.8551
2026-01-21 19:16:21,002 INFO   Class 2: Accuracy=0.6047
2026-01-21 19:16:21,002 INFO ############ One outer Done ############
2026-01-21 19:16:33,330 INFO ############ All params Done for one inner cut ############
2026-01-21 19:16:43,839 INFO ############ All params Done for one inner cut ############
2026-01-21 19:16:53,956 INFO ############ All params Done for one inner cut ############
2026-01-21 19:17:07,770 INFO ############ All params Done for one inner cut ############
2026-01-21 19:17:17,480 INFO ############ All params Done for one inner cut ############
2026-01-21 19:17:32,589 INFO ############ All params Done for one inner cut ############
2026-01-21 19:17:44,978 INFO ############ All params Done for one inner cut ############
2026-01-21 19:17:57,936 INFO ############ All params Done for one inner cut ############
2026-01-21 19:18:06,720 INFO ############ All params Done for one inner cut ############
2026-01-21 19:18:19,283 INFO ############ All params Done for one inner cut ############
2026-01-21 19:18:19,283 INFO ############ One inner CV Done ############
2026-01-21 19:18:19,283 INFO Best params : {'C': 719.6856730011528, 'kernel_params': [{'name': 'graph_hopper', 'kernel_type': 'linear'}], 'normalize': True}
2026-01-21 19:18:19,283 INFO Best inner score : 0.7432376237623762
2026-01-21 19:18:19,344 INFO Outer accuracy 0.7589285714285714
2026-01-21 19:18:19,344 INFO Outer F1 weighted 0.7478405541659646
2026-01-21 19:18:19,344 INFO By-class accuracies:
2026-01-21 19:18:19,344 INFO   Class 1: Accuracy=0.8986
2026-01-21 19:18:19,344 INFO   Class 2: Accuracy=0.5349
2026-01-21 19:18:19,344 INFO ############ One outer Done ############
2026-01-21 19:18:27,960 INFO ############ All params Done for one inner cut ############
2026-01-21 19:18:37,729 INFO ############ All params Done for one inner cut ############
2026-01-21 19:18:48,764 INFO ############ All params Done for one inner cut ############
2026-01-21 19:19:02,331 INFO ############ All params Done for one inner cut ############
2026-01-21 19:19:15,028 INFO ############ All params Done for one inner cut ############
2026-01-21 19:19:26,594 INFO ############ All params Done for one inner cut ############
2026-01-21 19:19:36,152 INFO ############ All params Done for one inner cut ############
2026-01-21 19:19:48,263 INFO ############ All params Done for one inner cut ############
2026-01-21 19:20:03,032 INFO ############ All params Done for one inner cut ############
2026-01-21 19:20:12,354 INFO ############ All params Done for one inner cut ############
2026-01-21 19:20:12,354 INFO ############ One inner CV Done ############
2026-01-21 19:20:12,354 INFO Best params : {'C': 719.6856730011528, 'kernel_params': [{'name': 'graph_hopper', 'kernel_type': 'linear'}], 'normalize': True}
2026-01-21 19:20:12,354 INFO Best inner score : 0.7503465346534653
2026-01-21 19:20:12,421 INFO Outer accuracy 0.7321428571428571
2026-01-21 19:20:12,421 INFO Outer F1 weighted 0.7219387755102041
2026-01-21 19:20:12,421 INFO By-class accuracies:
2026-01-21 19:20:12,421 INFO   Class 1: Accuracy=0.8871
2026-01-21 19:20:12,421 INFO   Class 2: Accuracy=0.5400
2026-01-21 19:20:12,421 INFO ############ One outer Done ############
2026-01-21 19:20:22,469 INFO ############ All params Done for one inner cut ############
2026-01-21 19:20:32,386 INFO ############ All params Done for one inner cut ############
2026-01-21 19:20:43,648 INFO ############ All params Done for one inner cut ############
2026-01-21 19:20:54,375 INFO ############ All params Done for one inner cut ############
2026-01-21 19:21:04,370 INFO ############ All params Done for one inner cut ############
2026-01-21 19:21:13,466 INFO ############ All params Done for one inner cut ############
2026-01-21 19:21:22,788 INFO ############ All params Done for one inner cut ############
2026-01-21 19:21:36,728 INFO ############ All params Done for one inner cut ############
2026-01-21 19:21:46,100 INFO ############ All params Done for one inner cut ############
2026-01-21 19:21:56,756 INFO ############ All params Done for one inner cut ############
2026-01-21 19:21:56,756 INFO ############ One inner CV Done ############
2026-01-21 19:21:56,756 INFO Best params : {'C': 3727.593720314938, 'kernel_params': [{'name': 'graph_hopper', 'kernel_type': 'linear'}], 'normalize': True}
2026-01-21 19:21:56,756 INFO Best inner score : 0.7402772277227723
2026-01-21 19:21:57,056 INFO Outer accuracy 0.7410714285714286
2026-01-21 19:21:57,056 INFO Outer F1 weighted 0.7392962940571912
2026-01-21 19:21:57,056 INFO By-class accuracies:
2026-01-21 19:21:57,056 INFO   Class 1: Accuracy=0.8088
2026-01-21 19:21:57,056 INFO   Class 2: Accuracy=0.6364
2026-01-21 19:21:57,056 INFO ############ One outer Done ############
2026-01-21 19:22:07,404 INFO ############ All params Done for one inner cut ############
2026-01-21 19:22:18,614 INFO ############ All params Done for one inner cut ############
2026-01-21 19:22:30,399 INFO ############ All params Done for one inner cut ############
2026-01-21 19:22:40,118 INFO ############ All params Done for one inner cut ############
2026-01-21 19:22:52,311 INFO ############ All params Done for one inner cut ############
2026-01-21 19:23:06,448 INFO ############ All params Done for one inner cut ############
2026-01-21 19:23:18,524 INFO ############ All params Done for one inner cut ############
2026-01-21 19:23:28,375 INFO ############ All params Done for one inner cut ############
2026-01-21 19:23:40,926 INFO ############ All params Done for one inner cut ############
2026-01-21 19:23:53,158 INFO ############ All params Done for one inner cut ############
2026-01-21 19:23:53,158 INFO ############ One inner CV Done ############
2026-01-21 19:23:53,158 INFO Best params : {'C': 719.6856730011528, 'kernel_params': [{'name': 'graph_hopper', 'kernel_type': 'linear'}], 'normalize': True}
2026-01-21 19:23:53,158 INFO Best inner score : 0.7482871287128713
2026-01-21 19:23:53,219 INFO Outer accuracy 0.7678571428571429
2026-01-21 19:23:53,219 INFO Outer F1 weighted 0.7678571428571429
2026-01-21 19:23:53,219 INFO By-class accuracies:
2026-01-21 19:23:53,219 INFO   Class 1: Accuracy=0.8312
2026-01-21 19:23:53,219 INFO   Class 2: Accuracy=0.6286
2026-01-21 19:23:53,219 INFO ############ One outer Done ############
2026-01-21 19:24:01,681 INFO ############ All params Done for one inner cut ############
2026-01-21 19:24:11,882 INFO ############ All params Done for one inner cut ############
2026-01-21 19:24:21,344 INFO ############ All params Done for one inner cut ############
2026-01-21 19:24:31,863 INFO ############ All params Done for one inner cut ############
2026-01-21 19:24:42,419 INFO ############ All params Done for one inner cut ############
2026-01-21 19:24:52,581 INFO ############ All params Done for one inner cut ############
2026-01-21 19:25:05,583 INFO ############ All params Done for one inner cut ############
2026-01-21 19:25:19,543 INFO ############ All params Done for one inner cut ############
2026-01-21 19:25:32,153 INFO ############ All params Done for one inner cut ############
2026-01-21 19:25:43,168 INFO ############ All params Done for one inner cut ############
2026-01-21 19:25:43,168 INFO ############ One inner CV Done ############
2026-01-21 19:25:43,169 INFO Best params : {'C': 3727.593720314938, 'kernel_params': [{'name': 'graph_hopper', 'kernel_type': 'linear'}], 'normalize': True}
2026-01-21 19:25:43,169 INFO Best inner score : 0.7551881188118812
2026-01-21 19:25:43,436 INFO Outer accuracy 0.7053571428571429
2026-01-21 19:25:43,436 INFO Outer F1 weighted 0.6914919261744056
2026-01-21 19:25:43,436 INFO By-class accuracies:
2026-01-21 19:25:43,437 INFO   Class 1: Accuracy=0.8493
2026-01-21 19:25:43,437 INFO   Class 2: Accuracy=0.4359
2026-01-21 19:25:43,437 INFO ############ One outer Done ############
2026-01-21 19:25:56,216 INFO ############ All params Done for one inner cut ############
2026-01-21 19:26:07,187 INFO ############ All params Done for one inner cut ############
2026-01-21 19:26:16,787 INFO ############ All params Done for one inner cut ############
2026-01-21 19:26:26,148 INFO ############ All params Done for one inner cut ############
2026-01-21 19:26:36,806 INFO ############ All params Done for one inner cut ############
2026-01-21 19:26:49,709 INFO ############ All params Done for one inner cut ############
2026-01-21 19:26:59,413 INFO ############ All params Done for one inner cut ############
2026-01-21 19:27:08,620 INFO ############ All params Done for one inner cut ############
2026-01-21 19:27:19,897 INFO ############ All params Done for one inner cut ############
2026-01-21 19:27:31,349 INFO ############ All params Done for one inner cut ############
2026-01-21 19:27:31,349 INFO ############ One inner CV Done ############
2026-01-21 19:27:31,349 INFO Best params : {'C': 3727.593720314938, 'kernel_params': [{'name': 'graph_hopper', 'kernel_type': 'linear'}], 'normalize': True}
2026-01-21 19:27:31,349 INFO Best inner score : 0.7482475247524752
2026-01-21 19:27:31,642 INFO Outer accuracy 0.8303571428571429
2026-01-21 19:27:31,642 INFO Outer F1 weighted 0.8288910020577414
2026-01-21 19:27:31,642 INFO By-class accuracies:
2026-01-21 19:27:31,642 INFO   Class 1: Accuracy=0.8873
2026-01-21 19:27:31,642 INFO   Class 2: Accuracy=0.7317
2026-01-21 19:27:31,642 INFO ############ One outer Done ############
2026-01-21 19:27:46,997 INFO ############ All params Done for one inner cut ############
2026-01-21 19:27:57,885 INFO ############ All params Done for one inner cut ############
2026-01-21 19:28:06,833 INFO ############ All params Done for one inner cut ############
2026-01-21 19:28:17,786 INFO ############ All params Done for one inner cut ############
2026-01-21 19:28:30,965 INFO ############ All params Done for one inner cut ############
2026-01-21 19:28:44,716 INFO ############ All params Done for one inner cut ############
2026-01-21 19:28:55,762 INFO ############ All params Done for one inner cut ############
2026-01-21 19:29:08,233 INFO ############ All params Done for one inner cut ############
2026-01-21 19:29:20,401 INFO ############ All params Done for one inner cut ############
2026-01-21 19:29:30,014 INFO ############ All params Done for one inner cut ############
2026-01-21 19:29:30,015 INFO ############ One inner CV Done ############
2026-01-21 19:29:30,015 INFO Best params : {'C': 3727.593720314938, 'kernel_params': [{'name': 'graph_hopper', 'kernel_type': 'linear'}], 'normalize': True}
2026-01-21 19:29:30,015 INFO Best inner score : 0.7561683168316831
2026-01-21 19:29:30,422 INFO Outer accuracy 0.7053571428571429
2026-01-21 19:29:30,422 INFO Outer F1 weighted 0.6872201872201872
2026-01-21 19:29:30,422 INFO By-class accuracies:
2026-01-21 19:29:30,422 INFO   Class 1: Accuracy=0.9167
2026-01-21 19:29:30,422 INFO   Class 2: Accuracy=0.4615
2026-01-21 19:29:30,422 INFO ############ One outer Done ############
2026-01-21 19:29:30,422 INFO Nested mean score 0.7473214285714287
2026-01-21 19:29:30,422 INFO Nested std score 0.038517240375219634
