2025-11-18 22:31:57,364 INFO ############ Begin nested CV ############
2025-11-18 22:31:57,364 INFO Inner : 10
2025-11-18 22:31:57,364 INFO Outer : 10
2025-11-18 22:31:57,364 INFO params : [{'C': [1e-05, 5.1794746792312125e-05, 0.0002682695795279727, 0.0013894954943731374, 0.0071968567300115215, 0.037275937203149416, 0.19306977288832497, 1.0, 5.1794746792312125, 26.826957952797272, 138.9495494373139, 719.6856730011528, 3727.593720314938, 19306.977288832535, 100000.0], 'kernel_params': [[{'name': 'propagation', 't_max': 1, 'w': 0.0001, 'M': 'TV'}], [{'name': 'propagation', 't_max': 3, 'w': 0.0001, 'M': 'TV'}], [{'name': 'propagation', 't_max': 5, 'w': 0.0001, 'M': 'TV'}], [{'name': 'propagation', 't_max': 8, 'w': 0.0001, 'M': 'TV'}], [{'name': 'propagation', 't_max': 10, 'w': 0.0001, 'M': 'TV'}], [{'name': 'propagation', 't_max': 15, 'w': 0.0001, 'M': 'TV'}], [{'name': 'propagation', 't_max': 20, 'w': 0.0001, 'M': 'TV'}]], 'normalize': [True]}]
2025-11-18 22:31:57,365 INFO Begin precomputing all Gram matrices
2025-11-18 22:31:57,365 INFO 7 matrices to fit...
2025-11-18 22:33:04,477 INFO ...Done
2025-11-18 22:33:04,655 INFO ############ All params Done for one inner cut ############
2025-11-18 22:33:04,826 INFO ############ All params Done for one inner cut ############
2025-11-18 22:33:04,996 INFO ############ All params Done for one inner cut ############
2025-11-18 22:33:05,167 INFO ############ All params Done for one inner cut ############
2025-11-18 22:33:05,337 INFO ############ All params Done for one inner cut ############
2025-11-18 22:33:05,507 INFO ############ All params Done for one inner cut ############
2025-11-18 22:33:05,678 INFO ############ All params Done for one inner cut ############
2025-11-18 22:33:05,848 INFO ############ All params Done for one inner cut ############
2025-11-18 22:33:06,018 INFO ############ All params Done for one inner cut ############
2025-11-18 22:33:06,189 INFO ############ All params Done for one inner cut ############
2025-11-18 22:33:06,189 INFO ############ One inner CV Done ############
2025-11-18 22:33:06,190 INFO Best params : {'C': 1e-05, 'kernel_params': [{'name': 'propagation', 't_max': 1, 'w': 0.0001, 'M': 'TV'}], 'normalize': True}
2025-11-18 22:33:06,190 INFO Best inner score : 0.7880952380952382
2025-11-18 22:33:06,192 INFO Outer accuracy 0.723404255319149
2025-11-18 22:33:06,192 INFO Outer F1 weighted 0.6073023377987917
2025-11-18 22:33:06,192 INFO By-class accuracies:
2025-11-18 22:33:06,192 INFO   Class -1: Accuracy=1.0000
2025-11-18 22:33:06,192 INFO   Class 1: Accuracy=0.0000
2025-11-18 22:33:06,192 INFO ############ One outer Done ############
2025-11-18 22:33:06,364 INFO ############ All params Done for one inner cut ############
2025-11-18 22:33:06,530 INFO ############ All params Done for one inner cut ############
2025-11-18 22:33:06,696 INFO ############ All params Done for one inner cut ############
2025-11-18 22:33:06,860 INFO ############ All params Done for one inner cut ############
2025-11-18 22:33:07,025 INFO ############ All params Done for one inner cut ############
2025-11-18 22:33:07,190 INFO ############ All params Done for one inner cut ############
2025-11-18 22:33:07,356 INFO ############ All params Done for one inner cut ############
2025-11-18 22:33:07,522 INFO ############ All params Done for one inner cut ############
2025-11-18 22:33:07,686 INFO ############ All params Done for one inner cut ############
2025-11-18 22:33:07,851 INFO ############ All params Done for one inner cut ############
2025-11-18 22:33:07,851 INFO ############ One inner CV Done ############
2025-11-18 22:33:07,851 INFO Best params : {'C': 1e-05, 'kernel_params': [{'name': 'propagation', 't_max': 1, 'w': 0.0001, 'M': 'TV'}], 'normalize': True}
2025-11-18 22:33:07,851 INFO Best inner score : 0.780952380952381
2025-11-18 22:33:07,854 INFO Outer accuracy 0.7872340425531915
2025-11-18 22:33:07,854 INFO Outer F1 weighted 0.693515704154002
2025-11-18 22:33:07,854 INFO By-class accuracies:
2025-11-18 22:33:07,854 INFO   Class -1: Accuracy=1.0000
2025-11-18 22:33:07,854 INFO   Class 1: Accuracy=0.0000
2025-11-18 22:33:07,854 INFO ############ One outer Done ############
2025-11-18 22:33:08,026 INFO ############ All params Done for one inner cut ############
2025-11-18 22:33:08,195 INFO ############ All params Done for one inner cut ############
2025-11-18 22:33:08,365 INFO ############ All params Done for one inner cut ############
2025-11-18 22:33:08,533 INFO ############ All params Done for one inner cut ############
2025-11-18 22:33:08,701 INFO ############ All params Done for one inner cut ############
2025-11-18 22:33:08,869 INFO ############ All params Done for one inner cut ############
2025-11-18 22:33:09,038 INFO ############ All params Done for one inner cut ############
2025-11-18 22:33:09,207 INFO ############ All params Done for one inner cut ############
2025-11-18 22:33:09,374 INFO ############ All params Done for one inner cut ############
2025-11-18 22:33:09,548 INFO ############ All params Done for one inner cut ############
2025-11-18 22:33:09,548 INFO ############ One inner CV Done ############
2025-11-18 22:33:09,548 INFO Best params : {'C': 1e-05, 'kernel_params': [{'name': 'propagation', 't_max': 1, 'w': 0.0001, 'M': 'TV'}], 'normalize': True}
2025-11-18 22:33:09,548 INFO Best inner score : 0.7714285714285714
2025-11-18 22:33:09,551 INFO Outer accuracy 0.8723404255319149
2025-11-18 22:33:09,551 INFO Outer F1 weighted 0.812862669245648
2025-11-18 22:33:09,551 INFO By-class accuracies:
2025-11-18 22:33:09,551 INFO   Class -1: Accuracy=1.0000
2025-11-18 22:33:09,551 INFO   Class 1: Accuracy=0.0000
2025-11-18 22:33:09,551 INFO ############ One outer Done ############
2025-11-18 22:33:09,722 INFO ############ All params Done for one inner cut ############
2025-11-18 22:33:09,891 INFO ############ All params Done for one inner cut ############
2025-11-18 22:33:10,060 INFO ############ All params Done for one inner cut ############
2025-11-18 22:33:10,230 INFO ############ All params Done for one inner cut ############
2025-11-18 22:33:10,399 INFO ############ All params Done for one inner cut ############
2025-11-18 22:33:10,568 INFO ############ All params Done for one inner cut ############
2025-11-18 22:33:10,739 INFO ############ All params Done for one inner cut ############
2025-11-18 22:33:10,909 INFO ############ All params Done for one inner cut ############
2025-11-18 22:33:11,078 INFO ############ All params Done for one inner cut ############
2025-11-18 22:33:11,249 INFO ############ All params Done for one inner cut ############
2025-11-18 22:33:11,249 INFO ############ One inner CV Done ############
2025-11-18 22:33:11,249 INFO Best params : {'C': 1e-05, 'kernel_params': [{'name': 'propagation', 't_max': 1, 'w': 0.0001, 'M': 'TV'}], 'normalize': True}
2025-11-18 22:33:11,249 INFO Best inner score : 0.7833333333333333
2025-11-18 22:33:11,251 INFO Outer accuracy 0.7659574468085106
2025-11-18 22:33:11,251 INFO Outer F1 weighted 0.664445014098949
2025-11-18 22:33:11,251 INFO By-class accuracies:
2025-11-18 22:33:11,251 INFO   Class -1: Accuracy=1.0000
2025-11-18 22:33:11,251 INFO   Class 1: Accuracy=0.0000
2025-11-18 22:33:11,251 INFO ############ One outer Done ############
2025-11-18 22:33:11,423 INFO ############ All params Done for one inner cut ############
2025-11-18 22:33:11,593 INFO ############ All params Done for one inner cut ############
2025-11-18 22:33:11,757 INFO ############ All params Done for one inner cut ############
2025-11-18 22:33:11,921 INFO ############ All params Done for one inner cut ############
2025-11-18 22:33:12,085 INFO ############ All params Done for one inner cut ############
2025-11-18 22:33:12,250 INFO ############ All params Done for one inner cut ############
2025-11-18 22:33:12,415 INFO ############ All params Done for one inner cut ############
2025-11-18 22:33:12,581 INFO ############ All params Done for one inner cut ############
2025-11-18 22:33:12,746 INFO ############ All params Done for one inner cut ############
2025-11-18 22:33:12,911 INFO ############ All params Done for one inner cut ############
2025-11-18 22:33:12,911 INFO ############ One inner CV Done ############
2025-11-18 22:33:12,911 INFO Best params : {'C': 1e-05, 'kernel_params': [{'name': 'propagation', 't_max': 1, 'w': 0.0001, 'M': 'TV'}], 'normalize': True}
2025-11-18 22:33:12,911 INFO Best inner score : 0.7785714285714285
2025-11-18 22:33:12,914 INFO Outer accuracy 0.8085106382978723
2025-11-18 22:33:12,914 INFO Outer F1 weighted 0.7229036295369211
2025-11-18 22:33:12,914 INFO By-class accuracies:
2025-11-18 22:33:12,914 INFO   Class -1: Accuracy=1.0000
2025-11-18 22:33:12,914 INFO   Class 1: Accuracy=0.0000
2025-11-18 22:33:12,914 INFO ############ One outer Done ############
2025-11-18 22:33:13,085 INFO ############ All params Done for one inner cut ############
2025-11-18 22:33:13,255 INFO ############ All params Done for one inner cut ############
2025-11-18 22:33:13,425 INFO ############ All params Done for one inner cut ############
2025-11-18 22:33:13,595 INFO ############ All params Done for one inner cut ############
2025-11-18 22:33:13,764 INFO ############ All params Done for one inner cut ############
2025-11-18 22:33:13,933 INFO ############ All params Done for one inner cut ############
2025-11-18 22:33:14,103 INFO ############ All params Done for one inner cut ############
2025-11-18 22:33:14,272 INFO ############ All params Done for one inner cut ############
2025-11-18 22:33:14,441 INFO ############ All params Done for one inner cut ############
2025-11-18 22:33:14,611 INFO ############ All params Done for one inner cut ############
2025-11-18 22:33:14,611 INFO ############ One inner CV Done ############
2025-11-18 22:33:14,611 INFO Best params : {'C': 1e-05, 'kernel_params': [{'name': 'propagation', 't_max': 1, 'w': 0.0001, 'M': 'TV'}], 'normalize': True}
2025-11-18 22:33:14,611 INFO Best inner score : 0.780952380952381
2025-11-18 22:33:14,614 INFO Outer accuracy 0.7872340425531915
2025-11-18 22:33:14,614 INFO Outer F1 weighted 0.693515704154002
2025-11-18 22:33:14,614 INFO By-class accuracies:
2025-11-18 22:33:14,614 INFO   Class -1: Accuracy=1.0000
2025-11-18 22:33:14,614 INFO   Class 1: Accuracy=0.0000
2025-11-18 22:33:14,614 INFO ############ One outer Done ############
2025-11-18 22:33:14,786 INFO ############ All params Done for one inner cut ############
2025-11-18 22:33:14,956 INFO ############ All params Done for one inner cut ############
2025-11-18 22:33:15,125 INFO ############ All params Done for one inner cut ############
2025-11-18 22:33:15,294 INFO ############ All params Done for one inner cut ############
2025-11-18 22:33:15,463 INFO ############ All params Done for one inner cut ############
2025-11-18 22:33:15,633 INFO ############ All params Done for one inner cut ############
2025-11-18 22:33:15,802 INFO ############ All params Done for one inner cut ############
2025-11-18 22:33:15,971 INFO ############ All params Done for one inner cut ############
2025-11-18 22:33:16,140 INFO ############ All params Done for one inner cut ############
2025-11-18 22:33:16,310 INFO ############ All params Done for one inner cut ############
2025-11-18 22:33:16,310 INFO ############ One inner CV Done ############
2025-11-18 22:33:16,310 INFO Best params : {'C': 1e-05, 'kernel_params': [{'name': 'propagation', 't_max': 1, 'w': 0.0001, 'M': 'TV'}], 'normalize': True}
2025-11-18 22:33:16,310 INFO Best inner score : 0.7928571428571429
2025-11-18 22:33:16,312 INFO Outer accuracy 0.6808510638297872
2025-11-18 22:33:16,312 INFO Outer F1 weighted 0.5515755453810934
2025-11-18 22:33:16,312 INFO By-class accuracies:
2025-11-18 22:33:16,312 INFO   Class -1: Accuracy=1.0000
2025-11-18 22:33:16,312 INFO   Class 1: Accuracy=0.0000
2025-11-18 22:33:16,312 INFO ############ One outer Done ############
2025-11-18 22:33:16,484 INFO ############ All params Done for one inner cut ############
2025-11-18 22:33:16,652 INFO ############ All params Done for one inner cut ############
2025-11-18 22:33:16,818 INFO ############ All params Done for one inner cut ############
2025-11-18 22:33:16,983 INFO ############ All params Done for one inner cut ############
2025-11-18 22:33:17,149 INFO ############ All params Done for one inner cut ############
2025-11-18 22:33:17,315 INFO ############ All params Done for one inner cut ############
2025-11-18 22:33:17,480 INFO ############ All params Done for one inner cut ############
2025-11-18 22:33:17,645 INFO ############ All params Done for one inner cut ############
2025-11-18 22:33:17,810 INFO ############ All params Done for one inner cut ############
2025-11-18 22:33:17,976 INFO ############ All params Done for one inner cut ############
2025-11-18 22:33:17,976 INFO ############ One inner CV Done ############
2025-11-18 22:33:17,977 INFO Best params : {'C': 1e-05, 'kernel_params': [{'name': 'propagation', 't_max': 1, 'w': 0.0001, 'M': 'TV'}], 'normalize': True}
2025-11-18 22:33:17,977 INFO Best inner score : 0.7904761904761906
2025-11-18 22:33:17,979 INFO Outer accuracy 0.7021276595744681
2025-11-18 22:33:17,979 INFO Outer F1 weighted 0.5792553191489361
2025-11-18 22:33:17,979 INFO By-class accuracies:
2025-11-18 22:33:17,979 INFO   Class -1: Accuracy=1.0000
2025-11-18 22:33:17,979 INFO   Class 1: Accuracy=0.0000
2025-11-18 22:33:17,979 INFO ############ One outer Done ############
2025-11-18 22:33:18,150 INFO ############ All params Done for one inner cut ############
2025-11-18 22:33:18,319 INFO ############ All params Done for one inner cut ############
2025-11-18 22:33:18,488 INFO ############ All params Done for one inner cut ############
2025-11-18 22:33:18,657 INFO ############ All params Done for one inner cut ############
2025-11-18 22:33:18,826 INFO ############ All params Done for one inner cut ############
2025-11-18 22:33:18,995 INFO ############ All params Done for one inner cut ############
2025-11-18 22:33:19,165 INFO ############ All params Done for one inner cut ############
2025-11-18 22:33:19,335 INFO ############ All params Done for one inner cut ############
2025-11-18 22:33:19,503 INFO ############ All params Done for one inner cut ############
2025-11-18 22:33:19,673 INFO ############ All params Done for one inner cut ############
2025-11-18 22:33:19,673 INFO ############ One inner CV Done ############
2025-11-18 22:33:19,673 INFO Best params : {'C': 1e-05, 'kernel_params': [{'name': 'propagation', 't_max': 1, 'w': 0.0001, 'M': 'TV'}], 'normalize': True}
2025-11-18 22:33:19,673 INFO Best inner score : 0.7785714285714285
2025-11-18 22:33:19,676 INFO Outer accuracy 0.8085106382978723
2025-11-18 22:33:19,676 INFO Outer F1 weighted 0.7229036295369211
2025-11-18 22:33:19,676 INFO By-class accuracies:
2025-11-18 22:33:19,676 INFO   Class -1: Accuracy=1.0000
2025-11-18 22:33:19,676 INFO   Class 1: Accuracy=0.0000
2025-11-18 22:33:19,676 INFO ############ One outer Done ############
2025-11-18 22:33:19,846 INFO ############ All params Done for one inner cut ############
2025-11-18 22:33:20,015 INFO ############ All params Done for one inner cut ############
2025-11-18 22:33:20,183 INFO ############ All params Done for one inner cut ############
2025-11-18 22:33:20,353 INFO ############ All params Done for one inner cut ############
2025-11-18 22:33:20,520 INFO ############ All params Done for one inner cut ############
2025-11-18 22:33:20,690 INFO ############ All params Done for one inner cut ############
2025-11-18 22:33:20,858 INFO ############ All params Done for one inner cut ############
2025-11-18 22:33:21,026 INFO ############ All params Done for one inner cut ############
2025-11-18 22:33:21,194 INFO ############ All params Done for one inner cut ############
2025-11-18 22:33:21,361 INFO ############ All params Done for one inner cut ############
2025-11-18 22:33:21,361 INFO ############ One inner CV Done ############
2025-11-18 22:33:21,362 INFO Best params : {'C': 1e-05, 'kernel_params': [{'name': 'propagation', 't_max': 1, 'w': 0.0001, 'M': 'TV'}], 'normalize': True}
2025-11-18 22:33:21,362 INFO Best inner score : 0.7785714285714285
2025-11-18 22:33:21,364 INFO Outer accuracy 0.8085106382978723
2025-11-18 22:33:21,364 INFO Outer F1 weighted 0.7229036295369211
2025-11-18 22:33:21,364 INFO By-class accuracies:
2025-11-18 22:33:21,364 INFO   Class -1: Accuracy=1.0000
2025-11-18 22:33:21,364 INFO   Class 1: Accuracy=0.0000
2025-11-18 22:33:21,364 INFO ############ One outer Done ############
2025-11-18 22:33:21,364 INFO Nested mean score 0.774468085106383
2025-11-18 22:33:21,364 INFO Nested std score 0.05482595202861755
