2026-01-12 17:11:02,837 INFO ############ Begin nested CV for Multiclass Classification ############
2026-01-12 17:11:02,837 INFO Inner : 5
2026-01-12 17:11:02,837 INFO Outer : 5
2026-01-12 17:11:02,837 INFO params : [{'alpha': [0.0, 0.1, 0.25, 0.5, 0.75, 0.9, 1.0], 'C': [0.0001, 0.0003727593720314938, 0.0013894954943731374, 0.005179474679231213, 0.019306977288832496, 0.07196856730011514, 0.2682695795279725, 1.0, 3.727593720314938, 13.89495494373136, 51.79474679231202, 193.06977288832496, 719.6856730011514, 2682.695795279722, 10000.0], 'gamma': [0.0009765625, 0.002628711313735071, 0.007075966127061773, 0.019047088346944928, 0.05127095975047737, 0.1380111892092266, 0.37149857228423705, 1.0, 2.6918003852647128, 7.2457893141112555, 19.504218467271617, 52.501462784488865, 141.32345775024794, 380.4145380190592, 1024.0], 'features_metric': ['sqeuclidean'], 'method': ['shortest_path'], 'wl': [0], 'amijo': [True]}]
2026-01-12 17:11:02,837 INFO Number of classes: 11
2026-01-12 17:11:02,837 INFO Classes: ['A.1' 'B.1' 'B.2' 'B.4' 'C' 'D.1' 'E.1' 'E.2' 'F' 'J.1' 'K']
2026-01-12 17:11:02,838 INFO Begin precomputing all distances matrices
2026-01-12 17:11:02,838 INFO 7 matrices to fit...
2026-01-12 17:26:15,646 INFO ...Done
2026-01-12 17:26:19,894 INFO ############ All params Done for one inner cut ############
2026-01-12 17:26:24,130 INFO ############ All params Done for one inner cut ############
2026-01-12 17:26:28,387 INFO ############ All params Done for one inner cut ############
2026-01-12 17:26:32,631 INFO ############ All params Done for one inner cut ############
2026-01-12 17:26:36,889 INFO ############ All params Done for one inner cut ############
2026-01-12 17:26:36,889 INFO ############ One inner CV Done ############
2026-01-12 17:26:36,894 INFO Best params : {'C': 3.727593720314938, 'alpha': 1.0, 'amijo': True, 'features_metric': 'sqeuclidean', 'gamma': 2.6918003852647128, 'method': 'shortest_path', 'wl': 0}
2026-01-12 17:26:36,894 INFO Best inner score : 0.753975981824083
2026-01-12 17:26:36,902 INFO Outer accuracy: 0.7954545454545454
2026-01-12 17:26:36,902 INFO Outer F1 (macro): 0.8281644281644281
2026-01-12 17:26:36,902 INFO Outer F1 (weighted): 0.7917693417693418
2026-01-12 17:26:36,902 INFO By-class accuracies:
2026-01-12 17:26:36,902 INFO   Class A.1: Accuracy=0.8000
2026-01-12 17:26:36,902 INFO   Class B.1: Accuracy=0.8571
2026-01-12 17:26:36,902 INFO   Class B.2: Accuracy=1.0000
2026-01-12 17:26:36,902 INFO   Class C: Accuracy=0.8000
2026-01-12 17:26:36,902 INFO   Class D.1: Accuracy=1.0000
2026-01-12 17:26:36,902 INFO   Class E.1: Accuracy=0.5714
2026-01-12 17:26:36,902 INFO   Class E.2: Accuracy=1.0000
2026-01-12 17:26:36,902 INFO   Class F: Accuracy=1.0000
2026-01-12 17:26:36,902 INFO   Class J.1: Accuracy=0.5000
2026-01-12 17:26:36,902 INFO Classification Report:
2026-01-12 17:26:36,902 INFO {'A.1': {'precision': 1.0, 'recall': 0.8, 'f1-score': 0.8888888888888888, 'support': 5.0}, 'B.1': {'precision': 0.75, 'recall': 0.8571428571428571, 'f1-score': 0.8, 'support': 14.0}, 'B.2': {'precision': 0.6666666666666666, 'recall': 1.0, 'f1-score': 0.8, 'support': 2.0}, 'C': {'precision': 1.0, 'recall': 0.8, 'f1-score': 0.8888888888888888, 'support': 5.0}, 'D.1': {'precision': 0.8, 'recall': 1.0, 'f1-score': 0.8888888888888888, 'support': 4.0}, 'E.1': {'precision': 0.6666666666666666, 'recall': 0.5714285714285714, 'f1-score': 0.6153846153846154, 'support': 7.0}, 'E.2': {'precision': 1.0, 'recall': 1.0, 'f1-score': 1.0, 'support': 1.0}, 'F': {'precision': 1.0, 'recall': 1.0, 'f1-score': 1.0, 'support': 2.0}, 'J.1': {'precision': 0.6666666666666666, 'recall': 0.5, 'f1-score': 0.5714285714285714, 'support': 4.0}, 'accuracy': 0.7954545454545454, 'macro avg': {'precision': 0.8388888888888889, 'recall': 0.8365079365079365, 'f1-score': 0.8281644281644281, 'support': 44.0}, 'weighted avg': {'precision': 0.8037878787878788, 'recall': 0.7954545454545454, 'f1-score': 0.7917693417693418, 'support': 44.0}}
2026-01-12 17:26:36,902 INFO ############ One outer Done ############
2026-01-12 17:26:41,137 INFO ############ All params Done for one inner cut ############
2026-01-12 17:26:45,377 INFO ############ All params Done for one inner cut ############
2026-01-12 17:26:49,577 INFO ############ All params Done for one inner cut ############
2026-01-12 17:26:53,817 INFO ############ All params Done for one inner cut ############
2026-01-12 17:26:58,065 INFO ############ All params Done for one inner cut ############
2026-01-12 17:26:58,065 INFO ############ One inner CV Done ############
2026-01-12 17:26:58,070 INFO Best params : {'C': 3.727593720314938, 'alpha': 1.0, 'amijo': True, 'features_metric': 'sqeuclidean', 'gamma': 2.6918003852647128, 'method': 'shortest_path', 'wl': 0}
2026-01-12 17:26:58,070 INFO Best inner score : 0.7538136968516715
2026-01-12 17:26:58,079 INFO Outer accuracy: 0.8181818181818182
2026-01-12 17:26:58,079 INFO Outer F1 (macro): 0.6981240981240981
2026-01-12 17:26:58,079 INFO Outer F1 (weighted): 0.7988455988455989
2026-01-12 17:26:58,079 INFO By-class accuracies:
2026-01-12 17:26:58,079 INFO   Class A.1: Accuracy=1.0000
2026-01-12 17:26:58,079 INFO   Class B.1: Accuracy=1.0000
2026-01-12 17:26:58,079 INFO   Class B.2: Accuracy=1.0000
2026-01-12 17:26:58,079 INFO   Class B.4: Accuracy=0.5000
2026-01-12 17:26:58,079 INFO   Class C: Accuracy=0.8750
2026-01-12 17:26:58,079 INFO   Class D.1: Accuracy=1.0000
2026-01-12 17:26:58,079 INFO   Class E.1: Accuracy=0.7778
2026-01-12 17:26:58,079 INFO   Class E.2: Accuracy=0.0000
2026-01-12 17:26:58,079 INFO   Class F: Accuracy=1.0000
2026-01-12 17:26:58,079 INFO   Class J.1: Accuracy=0.6000
2026-01-12 17:26:58,079 INFO   Class K: Accuracy=0.0000
2026-01-12 17:26:58,079 INFO Classification Report:
2026-01-12 17:26:58,079 INFO {'A.1': {'precision': 0.75, 'recall': 1.0, 'f1-score': 0.8571428571428571, 'support': 3.0}, 'B.1': {'precision': 0.6363636363636364, 'recall': 1.0, 'f1-score': 0.7777777777777778, 'support': 7.0}, 'B.2': {'precision': 1.0, 'recall': 1.0, 'f1-score': 1.0, 'support': 1.0}, 'B.4': {'precision': 1.0, 'recall': 0.5, 'f1-score': 0.6666666666666666, 'support': 2.0}, 'C': {'precision': 1.0, 'recall': 0.875, 'f1-score': 0.9333333333333333, 'support': 8.0}, 'D.1': {'precision': 1.0, 'recall': 1.0, 'f1-score': 1.0, 'support': 5.0}, 'E.1': {'precision': 0.7777777777777778, 'recall': 0.7777777777777778, 'f1-score': 0.7777777777777778, 'support': 9.0}, 'E.2': {'precision': 0.0, 'recall': 0.0, 'f1-score': 0.0, 'support': 1.0}, 'F': {'precision': 1.0, 'recall': 1.0, 'f1-score': 1.0, 'support': 2.0}, 'J.1': {'precision': 0.75, 'recall': 0.6, 'f1-score': 0.6666666666666666, 'support': 5.0}, 'K': {'precision': 0.0, 'recall': 0.0, 'f1-score': 0.0, 'support': 1.0}, 'accuracy': 0.8181818181818182, 'macro avg': {'precision': 0.7194674012855831, 'recall': 0.7047979797979798, 'f1-score': 0.6981240981240981, 'support': 44.0}, 'weighted avg': {'precision': 0.8057851239669421, 'recall': 0.8181818181818182, 'f1-score': 0.7988455988455989, 'support': 44.0}}
2026-01-12 17:26:58,079 INFO ############ One outer Done ############
2026-01-12 17:27:02,332 INFO ############ All params Done for one inner cut ############
2026-01-12 17:27:06,617 INFO ############ All params Done for one inner cut ############
2026-01-12 17:27:10,894 INFO ############ All params Done for one inner cut ############
2026-01-12 17:27:15,142 INFO ############ All params Done for one inner cut ############
2026-01-12 17:27:19,406 INFO ############ All params Done for one inner cut ############
2026-01-12 17:27:19,406 INFO ############ One inner CV Done ############
2026-01-12 17:27:19,410 INFO Best params : {'C': 51.79474679231202, 'alpha': 1.0, 'amijo': True, 'features_metric': 'sqeuclidean', 'gamma': 2.6918003852647128, 'method': 'shortest_path', 'wl': 0}
2026-01-12 17:27:19,410 INFO Best inner score : 0.7740019474196689
2026-01-12 17:27:19,419 INFO Outer accuracy: 0.7272727272727273
2026-01-12 17:27:19,419 INFO Outer F1 (macro): 0.7672597402597402
2026-01-12 17:27:19,419 INFO Outer F1 (weighted): 0.711310507674144
2026-01-12 17:27:19,419 INFO By-class accuracies:
2026-01-12 17:27:19,419 INFO   Class A.1: Accuracy=1.0000
2026-01-12 17:27:19,419 INFO   Class B.1: Accuracy=0.6923
2026-01-12 17:27:19,419 INFO   Class B.2: Accuracy=0.7500
2026-01-12 17:27:19,419 INFO   Class B.4: Accuracy=1.0000
2026-01-12 17:27:19,419 INFO   Class C: Accuracy=1.0000
2026-01-12 17:27:19,419 INFO   Class D.1: Accuracy=0.7500
2026-01-12 17:27:19,419 INFO   Class E.1: Accuracy=0.6667
2026-01-12 17:27:19,419 INFO   Class E.2: Accuracy=0.0000
2026-01-12 17:27:19,419 INFO   Class F: Accuracy=1.0000
2026-01-12 17:27:19,419 INFO   Class J.1: Accuracy=1.0000
2026-01-12 17:27:19,419 INFO Classification Report:
2026-01-12 17:27:19,420 INFO {'A.1': {'precision': 0.6666666666666666, 'recall': 1.0, 'f1-score': 0.8, 'support': 2.0}, 'B.1': {'precision': 0.75, 'recall': 0.6923076923076923, 'f1-score': 0.72, 'support': 13.0}, 'B.2': {'precision': 1.0, 'recall': 0.75, 'f1-score': 0.8571428571428571, 'support': 4.0}, 'B.4': {'precision': 1.0, 'recall': 1.0, 'f1-score': 1.0, 'support': 1.0}, 'C': {'precision': 1.0, 'recall': 1.0, 'f1-score': 1.0, 'support': 2.0}, 'D.1': {'precision': 0.75, 'recall': 0.75, 'f1-score': 0.75, 'support': 4.0}, 'E.1': {'precision': 0.46153846153846156, 'recall': 0.6666666666666666, 'f1-score': 0.5454545454545454, 'support': 9.0}, 'E.2': {'precision': 0.0, 'recall': 0.0, 'f1-score': 0.0, 'support': 3.0}, 'F': {'precision': 1.0, 'recall': 1.0, 'f1-score': 1.0, 'support': 3.0}, 'J.1': {'precision': 1.0, 'recall': 1.0, 'f1-score': 1.0, 'support': 3.0}, 'accuracy': 0.7272727272727273, 'macro avg': {'precision': 0.7628205128205128, 'recall': 0.785897435897436, 'f1-score': 0.7672597402597402, 'support': 44.0}, 'weighted avg': {'precision': 0.7099358974358975, 'recall': 0.7272727272727273, 'f1-score': 0.711310507674144, 'support': 44.0}}
2026-01-12 17:27:19,420 INFO ############ One outer Done ############
2026-01-12 17:27:23,708 INFO ############ All params Done for one inner cut ############
2026-01-12 17:27:27,993 INFO ############ All params Done for one inner cut ############
2026-01-12 17:27:32,276 INFO ############ All params Done for one inner cut ############
2026-01-12 17:27:36,568 INFO ############ All params Done for one inner cut ############
2026-01-12 17:27:40,832 INFO ############ All params Done for one inner cut ############
2026-01-12 17:27:40,832 INFO ############ One inner CV Done ############
2026-01-12 17:27:40,836 INFO Best params : {'C': 13.89495494373136, 'alpha': 1.0, 'amijo': True, 'features_metric': 'sqeuclidean', 'gamma': 2.6918003852647128, 'method': 'shortest_path', 'wl': 0}
2026-01-12 17:27:40,836 INFO Best inner score : 0.7564102564102564
2026-01-12 17:27:40,845 INFO Outer accuracy: 0.7727272727272727
2026-01-12 17:27:40,846 INFO Outer F1 (macro): 0.705858585858586
2026-01-12 17:27:40,846 INFO Outer F1 (weighted): 0.7364554637281912
2026-01-12 17:27:40,846 INFO By-class accuracies:
2026-01-12 17:27:40,846 INFO   Class A.1: Accuracy=0.6667
2026-01-12 17:27:40,846 INFO   Class B.1: Accuracy=0.9000
2026-01-12 17:27:40,846 INFO   Class B.2: Accuracy=0.2500
2026-01-12 17:27:40,846 INFO   Class B.4: Accuracy=1.0000
2026-01-12 17:27:40,846 INFO   Class C: Accuracy=1.0000
2026-01-12 17:27:40,846 INFO   Class D.1: Accuracy=1.0000
2026-01-12 17:27:40,846 INFO   Class E.1: Accuracy=0.8182
2026-01-12 17:27:40,846 INFO   Class E.2: Accuracy=0.0000
2026-01-12 17:27:40,846 INFO   Class F: Accuracy=1.0000
2026-01-12 17:27:40,846 INFO   Class J.1: Accuracy=1.0000
2026-01-12 17:27:40,846 INFO Classification Report:
2026-01-12 17:27:40,846 INFO {'A.1': {'precision': 1.0, 'recall': 0.6666666666666666, 'f1-score': 0.8, 'support': 3.0}, 'B.1': {'precision': 0.75, 'recall': 0.9, 'f1-score': 0.8181818181818182, 'support': 10.0}, 'B.2': {'precision': 1.0, 'recall': 0.25, 'f1-score': 0.4, 'support': 4.0}, 'B.4': {'precision': 0.3333333333333333, 'recall': 1.0, 'f1-score': 0.5, 'support': 1.0}, 'C': {'precision': 1.0, 'recall': 1.0, 'f1-score': 1.0, 'support': 1.0}, 'D.1': {'precision': 0.7142857142857143, 'recall': 1.0, 'f1-score': 0.8333333333333334, 'support': 5.0}, 'E.1': {'precision': 0.8181818181818182, 'recall': 0.8181818181818182, 'f1-score': 0.8181818181818182, 'support': 11.0}, 'E.2': {'precision': 0.0, 'recall': 0.0, 'f1-score': 0.0, 'support': 3.0}, 'F': {'precision': 1.0, 'recall': 1.0, 'f1-score': 1.0, 'support': 2.0}, 'J.1': {'precision': 0.8, 'recall': 1.0, 'f1-score': 0.8888888888888888, 'support': 4.0}, 'accuracy': 0.7727272727272727, 'macro avg': {'precision': 0.7415800865800866, 'recall': 0.7634848484848484, 'f1-score': 0.705858585858586, 'support': 44.0}, 'weighted avg': {'precision': 0.7637445887445888, 'recall': 0.7727272727272727, 'f1-score': 0.7364554637281912, 'support': 44.0}}
2026-01-12 17:27:40,846 INFO ############ One outer Done ############
2026-01-12 17:27:45,141 INFO ############ All params Done for one inner cut ############
2026-01-12 17:27:49,376 INFO ############ All params Done for one inner cut ############
2026-01-12 17:27:53,602 INFO ############ All params Done for one inner cut ############
2026-01-12 17:27:57,838 INFO ############ All params Done for one inner cut ############
2026-01-12 17:28:02,057 INFO ############ All params Done for one inner cut ############
2026-01-12 17:28:02,057 INFO ############ One inner CV Done ############
2026-01-12 17:28:02,061 INFO Best params : {'C': 13.89495494373136, 'alpha': 0.5, 'amijo': True, 'features_metric': 'sqeuclidean', 'gamma': 7.2457893141112555, 'method': 'shortest_path', 'wl': 0}
2026-01-12 17:28:02,061 INFO Best inner score : 0.7716650438169426
2026-01-12 17:28:02,070 INFO Outer accuracy: 0.75
2026-01-12 17:28:02,071 INFO Outer F1 (macro): 0.6605555555555556
2026-01-12 17:28:02,071 INFO Outer F1 (weighted): 0.719570707070707
2026-01-12 17:28:02,071 INFO By-class accuracies:
2026-01-12 17:28:02,071 INFO   Class A.1: Accuracy=0.6667
2026-01-12 17:28:02,071 INFO   Class B.1: Accuracy=0.9091
2026-01-12 17:28:02,071 INFO   Class B.2: Accuracy=1.0000
2026-01-12 17:28:02,071 INFO   Class B.4: Accuracy=0.5000
2026-01-12 17:28:02,071 INFO   Class C: Accuracy=0.8000
2026-01-12 17:28:02,071 INFO   Class D.1: Accuracy=1.0000
2026-01-12 17:28:02,071 INFO   Class E.1: Accuracy=0.8182
2026-01-12 17:28:02,071 INFO   Class E.2: Accuracy=0.0000
2026-01-12 17:28:02,071 INFO   Class F: Accuracy=1.0000
2026-01-12 17:28:02,071 INFO   Class J.1: Accuracy=0.3333
2026-01-12 17:28:02,071 INFO Classification Report:
2026-01-12 17:28:02,071 INFO {'A.1': {'precision': 0.6666666666666666, 'recall': 0.6666666666666666, 'f1-score': 0.6666666666666666, 'support': 3.0}, 'B.1': {'precision': 0.7142857142857143, 'recall': 0.9090909090909091, 'f1-score': 0.8, 'support': 11.0}, 'B.2': {'precision': 0.5, 'recall': 1.0, 'f1-score': 0.6666666666666666, 'support': 1.0}, 'B.4': {'precision': 1.0, 'recall': 0.5, 'f1-score': 0.6666666666666666, 'support': 2.0}, 'C': {'precision': 1.0, 'recall': 0.8, 'f1-score': 0.8888888888888888, 'support': 5.0}, 'D.1': {'precision': 1.0, 'recall': 1.0, 'f1-score': 1.0, 'support': 4.0}, 'E.1': {'precision': 0.6923076923076923, 'recall': 0.8181818181818182, 'f1-score': 0.75, 'support': 11.0}, 'E.2': {'precision': 0.0, 'recall': 0.0, 'f1-score': 0.0, 'support': 3.0}, 'F': {'precision': 0.5, 'recall': 1.0, 'f1-score': 0.6666666666666666, 'support': 1.0}, 'J.1': {'precision': 1.0, 'recall': 0.3333333333333333, 'f1-score': 0.5, 'support': 3.0}, 'accuracy': 0.75, 'macro avg': {'precision': 0.7073260073260073, 'recall': 0.7027272727272726, 'f1-score': 0.6605555555555556, 'support': 44.0}, 'weighted avg': {'precision': 0.7380119880119881, 'recall': 0.75, 'f1-score': 0.719570707070707, 'support': 44.0}}
2026-01-12 17:28:02,071 INFO ############ One outer Done ############
2026-01-12 17:28:02,071 INFO Nested mean accuracy: 0.7727272727272727
2026-01-12 17:28:02,071 INFO Nested std accuracy: 0.03214121732666125
2026-01-12 17:28:02,071 INFO Nested mean F1 (macro): 0.7319924815924816
2026-01-12 17:28:02,071 INFO Nested std F1 (macro): 0.05903576059972042
2026-01-12 17:28:02,071 INFO Nested mean F1 (weighted): 0.7515903238175966
2026-01-12 17:28:02,071 INFO Nested std F1 (weighted): 0.03667205458283653
